<html>
<body>
<pre>
<h1>礦ision Build Log</h1>
<h2>Project:</h2>
H:\我的硬盘\G盘\亿轩科技\智慧教育\板子程序vet6\USER\STM32-DEMO.uvproj
Project File Date:  10/15/2016

<h2>Output:</h2>
Build target 'Target 1'
assembling startup_stm32f10x_hd.s...
compiling main.c...
DHT11.h(36): warning:  #1295-D: Deprecated declaration DHT11_update - give arg types
DHT11.h:   void DHT11_update();
DHT11.h:        ^
com.h(64): warning:  #1295-D: Deprecated declaration parseData - give arg types
com.h:   void parseData();
com.h:        ^
com.h(65): warning:  #1295-D: Deprecated declaration callOK - give arg types
com.h:   void callOK();
com.h:        ^
com.h: main.c: 3 warnings, 0 errors
compiling stm32f10x_it.c...
compiling SysTick.c...
compiling usart1.c...
compiling DHT11.c...
DHT11.h(36): warning:  #1295-D: Deprecated declaration DHT11_update - give arg types
DHT11.h:   void DHT11_update();
DHT11.h:        ^
DHT11.h: DHT11.c: 1 warning, 0 errors
compiling com.c...
DHT11.h(36): warning:  #1295-D: Deprecated declaration DHT11_update - give arg types
DHT11.h:   void DHT11_update();
DHT11.h:        ^
com.h(64): warning:  #1295-D: Deprecated declaration parseData - give arg types
com.h:   void parseData();
com.h:        ^
com.h(65): warning:  #1295-D: Deprecated declaration callOK - give arg types
com.h:   void callOK();
com.h:        ^
com.c(24): warning:  #223-D: function "printf" declared implicitly
com.c:     printf("%c",0xff);
com.c:     ^
com.c(29): warning:  #223-D: function "printf" declared implicitly
com.c:     printf("%c",0x0d);
com.c:     ^
com.c(34): warning:  #223-D: function "printf" declared implicitly
com.c:          printf("%c",c);
com.c:          ^
com.c(85): warning:  #223-D: function "printf" declared implicitly
com.c:     printf("%c",1);
com.c:     ^
com.c(121): warning:  #550-D: variable "idx" was set but never used
com.c:          char idx = 0;
com.c:               ^
com.c(182): warning:  #550-D: variable "pin" was set but never used
com.c:     char port,pin;//,slot;
com.c:               ^
com.c: com.c: 9 warnings, 0 errors
compiling pwm.c...
compiling motor.c...
compiling servo.c...
compiling Sevseg.c...
compiling button.c...
compiling adc.c...
compiling Pirmotion.c...
compiling UltrasonicWave.c...
compiling WS2812B.c...
WS2812B.c(163): warning:  #1-D: last line of file ends without a newline
WS2812B.c:   }
WS2812B.c:    ^
WS2812B.c(91): warning:  #177-D: variable "i" was declared but never referenced
WS2812B.c:     uint8_t i, j;
WS2812B.c:             ^
WS2812B.c: WS2812B.c: 2 warnings, 0 errors
compiling exti.c...
compiling TIM4.c...
TIM4.c(39): warning:  #1-D: last line of file ends without a newline
TIM4.c:   }
TIM4.c:    ^
TIM4.c: TIM4.c: 1 warning, 0 errors
compiling Bport_int.c...
compiling Bport_out.c...
compiling stm32f10x_gpio.c...
compiling stm32f10x_rcc.c...
compiling stm32f10x_usart.c...
compiling misc.c...
compiling stm32f10x_tim.c...
compiling stm32f10x_exti.c...
compiling stm32f10x_adc.c...
compiling stm32f10x_dma.c...
compiling core_cm3.c...
compiling system_stm32f10x.c...
linking...
Program Size: Code=16412 RO-data=336 RW-data=100 ZI-data=1308  
FromELF: creating hex file...
"..\Output\STM32-DEMO.axf" - 0 Error(s), 16 Warning(s).
Load "..\\Output\\STM32-DEMO.AXF" 
Load "..\\Output\\STM32-DEMO.AXF" 
Load "..\\Output\\STM32-DEMO.AXF" 
