Component: ARM Compiler 5.05 update 2 (build 169) Tool: armlink [4d0f33]

==============================================================================

Section Cross References

    startup_stm32f10x_hd.o(RESET) refers to startup_stm32f10x_hd.o(STACK) for __initial_sp
    startup_stm32f10x_hd.o(RESET) refers to startup_stm32f10x_hd.o(.text) for Reset_Handler
    startup_stm32f10x_hd.o(RESET) refers to stm32f10x_it.o(.text) for NMI_Handler
    startup_stm32f10x_hd.o(.text) refers to system_stm32f10x.o(.text) for SystemInit
    startup_stm32f10x_hd.o(.text) refers to entry.o(.ARM.Collect$$$$00000000) for __main
    main.o(.text) refers to systick.o(.text) for SysTick_Init
    main.o(.text) refers to usart1.o(.text) for USART1_Config
    main.o(.text) refers to pwm.o(.text) for TIM2_PWM_Init
    main.o(.text) refers to tim4.o(.text) for TIM4_Configuration
    main.o(.text) refers to ws2812b.o(.text) for Timer3_init
    main.o(.text) refers to bport_int.o(.text) for Key_GPIO_Config
    main.o(.text) refers to bport_out.o(.text) for Bportout_GPIO_Config
    main.o(.text) refers to sevseg.o(.text) for SMG_init
    main.o(.text) refers to dht11.o(.text) for DHT11_GPIO_Config
    main.o(.text) refers to ultrasonicwave.o(.text) for UltrasonicWave_Configuration
    main.o(.text) refers to adc.o(.text) for ADC1_Init
    main.o(.text) refers to exti.o(.text) for EXTI_PB0_Config
    main.o(.text) refers to com.o(.text) for parseData
    main.o(.text) refers to stm32f10x_it.o(.data) for Perform
    main.o(.text) refers to main.o(.data) for SMG_Num
    stm32f10x_it.o(.text) refers to systick.o(.text) for TimingDelay_Decrement
    stm32f10x_it.o(.text) refers to stm32f10x_usart.o(.text) for USART_GetITStatus
    stm32f10x_it.o(.text) refers to stm32f10x_exti.o(.text) for EXTI_GetITStatus
    stm32f10x_it.o(.text) refers to stm32f10x_it.o(.data) for time_exti
    stm32f10x_it.o(.text) refers to stm32f10x_it.o(.bss) for checkbuffer
    stm32f10x_it.o(.text) refers to exti.o(.bss) for T_num
    stm32f10x_it.o(.text) refers to com.o(.data) for IRF_ok
    systick.o(.text) refers to system_stm32f10x.o(.data) for SystemCoreClock
    systick.o(.text) refers to systick.o(.data) for TimingDelay
    usart1.o(.text) refers to stm32f10x_rcc.o(.text) for RCC_APB2PeriphClockCmd
    usart1.o(.text) refers to stm32f10x_gpio.o(.text) for GPIO_Init
    usart1.o(.text) refers to stm32f10x_usart.o(.text) for USART_Init
    usart1.o(.text) refers to misc.o(.text) for NVIC_PriorityGroupConfig
    dht11.o(.text) refers to stm32f10x_rcc.o(.text) for RCC_APB2PeriphClockCmd
    dht11.o(.text) refers to stm32f10x_gpio.o(.text) for GPIO_Init
    dht11.o(.text) refers to systick.o(.text) for Delay_us
    dht11.o(.text) refers to com.o(.data) for DHT11_Data
    com.o(.text) refers to printf2.o(i.__0printf$2) for __2printf
    com.o(.text) refers to motor.o(.text) for Runmotor
    com.o(.text) refers to servo.o(.text) for Runservo
    com.o(.text) refers to ws2812b.o(.text) for WS2812_send
    com.o(.text) refers to bport_out.o(.text) for Rundigitalout
    com.o(.text) refers to ultrasonicwave.o(.text) for UltrasonicWave_StartMeasure
    com.o(.text) refers to fflti.o(.text) for __aeabi_i2f
    com.o(.text) refers to button.o(.text) for read_botton_status
    com.o(.text) refers to dht11.o(.text) for DHT11_update
    com.o(.text) refers to adc.o(.text) for ReadLightsevro
    com.o(.text) refers to ffixi.o(.text) for __aeabi_f2iz
    com.o(.text) refers to pirmotion.o(.text) for read_PIRmotion_status
    com.o(.text) refers to exti.o(.text) for bit_byte
    com.o(.text) refers to stm32f10x_it.o(.bss) for Readbuffer
    com.o(.text) refers to main.o(.data) for SMG_Num
    com.o(.text) refers to com.o(.data) for color
    com.o(.text) refers to exti.o(.data) for decode
    pwm.o(.text) refers to stm32f10x_rcc.o(.text) for RCC_APB1PeriphClockCmd
    pwm.o(.text) refers to stm32f10x_gpio.o(.text) for GPIO_Init
    pwm.o(.text) refers to stm32f10x_tim.o(.text) for TIM_TimeBaseInit
    motor.o(.text) refers to dflti.o(.text) for __aeabi_i2d
    motor.o(.text) refers to dmul.o(.text) for __aeabi_dmul
    motor.o(.text) refers to dfixi.o(.text) for __aeabi_d2iz
    sevseg.o(.text) refers to stm32f10x_rcc.o(.text) for RCC_APB2PeriphClockCmd
    sevseg.o(.text) refers to stm32f10x_gpio.o(.text) for GPIO_Init
    sevseg.o(.text) refers to sevseg.o(.data) for SMG_Code
    button.o(.text) refers to bport_int.o(.text) for GPIO_Scan
    adc.o(.text) refers to stm32f10x_rcc.o(.text) for RCC_AHBPeriphClockCmd
    adc.o(.text) refers to stm32f10x_gpio.o(.text) for GPIO_Init
    adc.o(.text) refers to stm32f10x_dma.o(.text) for DMA_DeInit
    adc.o(.text) refers to stm32f10x_adc.o(.text) for ADC_DeInit
    adc.o(.text) refers to ffltui.o(.text) for __aeabi_ui2f
    adc.o(.text) refers to fdiv.o(.text) for __aeabi_fdiv
    adc.o(.text) refers to f2d.o(.text) for __aeabi_f2d
[...]
    printf2.o(i.__0printf$2) refers to usart1.o(.text) for fputc
    printf2.o(i.__0printf$2) refers to stdout.o(.data) for __stdout
    printf2.o(i.__0snprintf$2) refers to printf2.o(i._printf_core) for _printf_core
    printf2.o(i.__0snprintf$2) refers to printf2.o(i._snputc) for _snputc
    printf2.o(i.__0sprintf$2) refers to printf2.o(i._printf_core) for _printf_core
    printf2.o(i.__0sprintf$2) refers to printf2.o(i._sputc) for _sputc
    printf2.o(i.__0vfprintf$2) refers to printf2.o(i._printf_core) for _printf_core
    printf2.o(i.__0vfprintf$2) refers to usart1.o(.text) for fputc
    printf2.o(i.__0vprintf$2) refers to printf2.o(i._printf_core) for _printf_core
    printf2.o(i.__0vprintf$2) refers to usart1.o(.text) for fputc
    printf2.o(i.__0vprintf$2) refers to stdout.o(.data) for __stdout
    printf2.o(i.__0vsnprintf$2) refers to printf2.o(i._printf_core) for _printf_core
    printf2.o(i.__0vsnprintf$2) refers to printf2.o(i._snputc) for _snputc
    printf2.o(i.__0vsprintf$2) refers to printf2.o(i._printf_core) for _printf_core
    printf2.o(i.__0vsprintf$2) refers to printf2.o(i._sputc) for _sputc
    printf3.o(i.__0fprintf$3) refers to printf3.o(i._printf_core) for _printf_core
    printf3.o(i.__0fprintf$3) refers to usart1.o(.text) for fputc
    printf3.o(i.__0printf$3) refers to printf3.o(i._printf_core) for _printf_core
    printf3.o(i.__0printf$3) refers to usart1.o(.text) for fputc
    printf3.o(i.__0printf$3) refers to stdout.o(.data) for __stdout
    printf3.o(i.__0snprintf$3) refers to printf3.o(i._printf_core) for _printf_core
    printf3.o(i.__0snprintf$3) refers to printf3.o(i._snputc) for _snputc
    printf3.o(i.__0sprintf$3) refers to printf3.o(i._printf_core) for _printf_core
    printf3.o(i.__0sprintf$3) refers to printf3.o(i._sputc) for _sputc
    printf3.o(i.__0vfprintf$3) refers to printf3.o(i._printf_core) for _printf_core
    printf3.o(i.__0vfprintf$3) refers to usart1.o(.text) for fputc
    printf3.o(i.__0vprintf$3) refers to printf3.o(i._printf_core) for _printf_core
    printf3.o(i.__0vprintf$3) refers to usart1.o(.text) for fputc
    printf3.o(i.__0vprintf$3) refers to stdout.o(.data) for __stdout
    printf3.o(i.__0vsnprintf$3) refers to printf3.o(i._printf_core) for _printf_core
    printf3.o(i.__0vsnprintf$3) refers to printf3.o(i._snputc) for _snputc
    printf3.o(i.__0vsprintf$3) refers to printf3.o(i._printf_core) for _printf_core
    printf3.o(i.__0vsprintf$3) refers to printf3.o(i._sputc) for _sputc
    printf3.o(i._printf_core) refers to uidiv.o(.text) for __aeabi_uidivmod
    printf4.o(i.__0fprintf$4) refers to printf4.o(i._printf_core) for _printf_core
    printf4.o(i.__0fprintf$4) refers to usart1.o(.text) for fputc
    printf4.o(i.__0printf$4) refers to printf4.o(i._printf_core) for _printf_core
    printf4.o(i.__0printf$4) refers to usart1.o(.text) for fputc
    printf4.o(i.__0printf$4) refers to stdout.o(.data) for __stdout
    printf4.o(i.__0snprintf$4) refers to printf4.o(i._printf_core) for _printf_core
    printf4.o(i.__0snprintf$4) refers to printf4.o(i._snputc) for _snputc
    printf4.o(i.__0sprintf$4) refers to printf4.o(i._printf_core) for _printf_core
    printf4.o(i.__0sprintf$4) refers to printf4.o(i._sputc) for _sputc
    printf4.o(i.__0vfprintf$4) refers to printf4.o(i._printf_core) for _printf_core
    printf4.o(i.__0vfprintf$4) refers to usart1.o(.text) for fputc
    printf4.o(i.__0vprintf$4) refers to printf4.o(i._printf_core) for _printf_core
    printf4.o(i.__0vprintf$4) refers to usart1.o(.text) for fputc
    printf4.o(i.__0vprintf$4) refers to stdout.o(.data) for __stdout
    printf4.o(i.__0vsnprintf$4) refers to printf4.o(i._printf_core) for _printf_core
    printf4.o(i.__0vsnprintf$4) refers to printf4.o(i._snputc) for _snputc
    printf4.o(i.__0vsprintf$4) refers to printf4.o(i._printf_core) for _printf_core
    printf4.o(i.__0vsprintf$4) refers to printf4.o(i._sputc) for _sputc
    printf4.o(i._printf_core) refers to uldiv.o(.text) for __aeabi_uldivmod
    printf5.o(i.__0fprintf$5) refers to printf5.o(i._printf_core) for _printf_core
    printf5.o(i.__0fprintf$5) refers to usart1.o(.text) for fputc
    printf5.o(i.__0printf$5) refers to printf5.o(i._printf_core) for _printf_core
    printf5.o(i.__0printf$5) refers to usart1.o(.text) for fputc
    printf5.o(i.__0printf$5) refers to stdout.o(.data) for __stdout
    printf5.o(i.__0snprintf$5) refers to printf5.o(i._printf_core) for _printf_core
    printf5.o(i.__0snprintf$5) refers to printf5.o(i._snputc) for _snputc
    printf5.o(i.__0sprintf$5) refers to printf5.o(i._printf_core) for _printf_core
    printf5.o(i.__0sprintf$5) refers to printf5.o(i._sputc) for _sputc
    printf5.o(i.__0vfprintf$5) refers to printf5.o(i._printf_core) for _printf_core
    printf5.o(i.__0vfprintf$5) refers to usart1.o(.text) for fputc
    printf5.o(i.__0vprintf$5) refers to printf5.o(i._printf_core) for _printf_core
    printf5.o(i.__0vprintf$5) refers to usart1.o(.text) for fputc
    printf5.o(i.__0vprintf$5) refers to stdout.o(.data) for __stdout
    printf5.o(i.__0vsnprintf$5) refers to printf5.o(i._printf_core) for _printf_core
    printf5.o(i.__0vsnprintf$5) refers to printf5.o(i._snputc) for _snputc
    printf5.o(i.__0vsprintf$5) refers to printf5.o(i._printf_core) for _printf_core
    printf5.o(i.__0vsprintf$5) refers to printf5.o(i._sputc) for _sputc
    printf5.o(i._printf_core) refers to uldiv.o(.text) for __aeabi_uldivmod
    printf6.o(i.__0fprintf$6) refers to printf6.o(i._printf_core) for _printf_core
    printf6.o(i.__0fprintf$6) refers to usart1.o(.text) for fputc
    printf6.o(i.__0printf$6) refers to printf6.o(i._printf_core) for _printf_core
    printf6.o(i.__0printf$6) refers to usart1.o(.text) for fputc
    printf6.o(i.__0printf$6) refers to stdout.o(.data) for __stdout
    printf6.o(i.__0snprintf$6) refers to printf6.o(i._printf_core) for _printf_core
    printf6.o(i.__0snprintf$6) refers to printf6.o(i._snputc) for _snputc
    printf6.o(i.__0sprintf$6) refers to printf6.o(i._printf_core) for _printf_core
    printf6.o(i.__0sprintf$6) refers to printf6.o(i._sputc) for _sputc
    printf6.o(i.__0vfprintf$6) refers to printf6.o(i._printf_core) for _printf_core
    printf6.o(i.__0vfprintf$6) refers to usart1.o(.text) for fputc
    printf6.o(i.__0vprintf$6) refers to printf6.o(i._printf_core) for _printf_core
    printf6.o(i.__0vprintf$6) refers to usart1.o(.text) for fputc
    printf6.o(i.__0vprintf$6) refers to stdout.o(.data) for __stdout
    printf6.o(i.__0vsnprintf$6) refers to printf6.o(i._printf_core) for _printf_core
    printf6.o(i.__0vsnprintf$6) refers to printf6.o(i._snputc) for _snputc
    printf6.o(i.__0vsprintf$6) refers to printf6.o(i._printf_core) for _printf_core
    printf6.o(i.__0vsprintf$6) refers to printf6.o(i._sputc) for _sputc
    printf6.o(i._printf_core) refers to printf6.o(i._printf_pre_padding) for _printf_pre_padding
    printf6.o(i._printf_core) refers to uidiv.o(.text) for __aeabi_uidivmod
    printf6.o(i._printf_core) refers to printf6.o(i._printf_post_padding) for _printf_post_padding
    printf7.o(i.__0fprintf$7) refers to printf7.o(i._printf_core) for _printf_core
    printf7.o(i.__0fprintf$7) refers to usart1.o(.text) for fputc
    printf7.o(i.__0printf$7) refers to printf7.o(i._printf_core) for _printf_core
    printf7.o(i.__0printf$7) refers to usart1.o(.text) for fputc
    printf7.o(i.__0printf$7) refers to stdout.o(.data) for __stdout
    printf7.o(i.__0snprintf$7) refers to printf7.o(i._printf_core) for _printf_core
    printf7.o(i.__0snprintf$7) refers to printf7.o(i._snputc) for _snputc
    printf7.o(i.__0sprintf$7) refers to printf7.o(i._printf_core) for _printf_core
    printf7.o(i.__0sprintf$7) refers to printf7.o(i._sputc) for _sputc
    printf7.o(i.__0vfprintf$7) refers to printf7.o(i._printf_core) for _printf_core
    printf7.o(i.__0vfprintf$7) refers to usart1.o(.text) for fputc
    printf7.o(i.__0vprintf$7) refers to printf7.o(i._printf_core) for _printf_core
    printf7.o(i.__0vprintf$7) refers to usart1.o(.text) for fputc
    printf7.o(i.__0vprintf$7) refers to stdout.o(.data) for __stdout
    printf7.o(i.__0vsnprintf$7) refers to printf7.o(i._printf_core) for _printf_core
    printf7.o(i.__0vsnprintf$7) refers to printf7.o(i._snputc) for _snputc
    printf7.o(i.__0vsprintf$7) refers to printf7.o(i._printf_core) for _printf_core
    printf7.o(i.__0vsprintf$7) refers to printf7.o(i._sputc) for _sputc
    printf7.o(i._printf_core) refers to printf7.o(i._printf_pre_padding) for _printf_pre_padding
    printf7.o(i._printf_core) refers to uldiv.o(.text) for __aeabi_uldivmod
    printf7.o(i._printf_core) refers to printf7.o(i._printf_post_padding) for _printf_post_padding
    printf8.o(i.__0fprintf$8) refers to printf8.o(i._printf_core) for _printf_core
    printf8.o(i.__0fprintf$8) refers to usart1.o(.text) for fputc
    printf8.o(i.__0printf$8) refers to printf8.o(i._printf_core) for _printf_core
    printf8.o(i.__0printf$8) refers to usart1.o(.text) for fputc
    printf8.o(i.__0printf$8) refers to stdout.o(.data) for __stdout
    printf8.o(i.__0snprintf$8) refers to printf8.o(i._printf_core) for _printf_core
    printf8.o(i.__0snprintf$8) refers to printf8.o(i._snputc) for _snputc
    printf8.o(i.__0sprintf$8) refers to printf8.o(i._printf_core) for _printf_core
    printf8.o(i.__0sprintf$8) refers to printf8.o(i._sputc) for _sputc
    printf8.o(i.__0vfprintf$8) refers to printf8.o(i._printf_core) for _printf_core
    printf8.o(i.__0vfprintf$8) refers to usart1.o(.text) for fputc
    printf8.o(i.__0vprintf$8) refers to printf8.o(i._printf_core) for _printf_core
    printf8.o(i.__0vprintf$8) refers to usart1.o(.text) for fputc
    printf8.o(i.__0vprintf$8) refers to stdout.o(.data) for __stdout
    printf8.o(i.__0vsnprintf$8) refers to printf8.o(i._printf_core) for _printf_core
    printf8.o(i.__0vsnprintf$8) refers to printf8.o(i._snputc) for _snputc
    printf8.o(i.__0vsprintf$8) refers to printf8.o(i._printf_core) for _printf_core
    printf8.o(i.__0vsprintf$8) refers to printf8.o(i._sputc) for _sputc
    printf8.o(i._printf_core) refers to printf8.o(i._printf_pre_padding) for _printf_pre_padding
    printf8.o(i._printf_core) refers to uldiv.o(.text) for __aeabi_uldivmod
    printf8.o(i._printf_core) refers to printf8.o(i._printf_post_padding) for _printf_post_padding
    printfa.o(i.__0fprintf) refers (Special) to iusefp.o(.text) for __I$use$fp
    printfa.o(i.__0fprintf) refers to printfa.o(i._printf_core) for _printf_core
    printfa.o(i.__0fprintf) refers to usart1.o(.text) for fputc
    printfa.o(i.__0printf) refers (Special) to iusefp.o(.text) for __I$use$fp
    printfa.o(i.__0printf) refers to printfa.o(i._printf_core) for _printf_core
    printfa.o(i.__0printf) refers to usart1.o(.text) for fputc
    printfa.o(i.__0printf) refers to stdout.o(.data) for __stdout
    printfa.o(i.__0snprintf) refers (Special) to iusefp.o(.text) for __I$use$fp
    printfa.o(i.__0snprintf) refers to printfa.o(i._printf_core) for _printf_core
    printfa.o(i.__0snprintf) refers to printfa.o(i._snputc) for _snputc
    printfa.o(i.__0sprintf) refers (Special) to iusefp.o(.text) for __I$use$fp
    printfa.o(i.__0sprintf) refers to printfa.o(i._printf_core) for _printf_core
    printfa.o(i.__0sprintf) refers to printfa.o(i._sputc) for _sputc
    printfa.o(i.__0vfprintf) refers (Special) to iusefp.o(.text) for __I$use$fp
    printfa.o(i.__0vfprintf) refers to printfa.o(i._printf_core) for _printf_core
    printfa.o(i.__0vfprintf) refers to usart1.o(.text) for fputc
    printfa.o(i.__0vprintf) refers (Special) to iusefp.o(.text) for __I$use$fp
    printfa.o(i.__0vprintf) refers to printfa.o(i._printf_core) for _printf_core
    printfa.o(i.__0vprintf) refers to usart1.o(.text) for fputc
    printfa.o(i.__0vprintf) refers to stdout.o(.data) for __stdout
    printfa.o(i.__0vsnprintf) refers (Special) to iusefp.o(.text) for __I$use$fp
    printfa.o(i.__0vsnprintf) refers to printfa.o(i._printf_core) for _printf_core
    printfa.o(i.__0vsnprintf) refers to printfa.o(i._snputc) for _snputc
    printfa.o(i.__0vsprintf) refers (Special) to iusefp.o(.text) for __I$use$fp
    printfa.o(i.__0vsprintf) refers to printfa.o(i._printf_core) for _printf_core
    printfa.o(i.__0vsprintf) refers to printfa.o(i._sputc) for _sputc
    printfa.o(i._fp_digits) refers (Special) to iusefp.o(.text) for __I$use$fp
    printfa.o(i._fp_digits) refers to dmul.o(.text) for __aeabi_dmul
    printfa.o(i._fp_digits) refers to ddiv.o(.text) for __aeabi_ddiv
    printfa.o(i._fp_digits) refers to cdrcmple.o(.text) for __aeabi_cdrcmple
    printfa.o(i._fp_digits) refers to dadd.o(.text) for __aeabi_dadd
    printfa.o(i._fp_digits) refers to dfixul.o(.text) for __aeabi_d2ulz
    printfa.o(i._fp_digits) refers to uldiv.o(.text) for __aeabi_uldivmod
    printfa.o(i._printf_core) refers (Special) to iusefp.o(.text) for __I$use$fp
    printfa.o(i._printf_core) refers to printfa.o(i._printf_pre_padding) for _printf_pre_padding
    printfa.o(i._printf_core) refers to uldiv.o(.text) for __aeabi_uldivmod
    printfa.o(i._printf_core) refers to printfa.o(i._printf_post_padding) for _printf_post_padding
    printfa.o(i._printf_core) refers to printfa.o(i._fp_digits) for _fp_digits
    printfa.o(i._printf_core) refers to uidiv.o(.text) for __aeabi_uidivmod
    printfa.o(i._printf_post_padding) refers (Special) to iusefp.o(.text) for __I$use$fp
    printfa.o(i._printf_pre_padding) refers (Special) to iusefp.o(.text) for __I$use$fp
    printfa.o(i._snputc) refers (Special) to iusefp.o(.text) for __I$use$fp
    printfa.o(i._sputc) refers (Special) to iusefp.o(.text) for __I$use$fp
    fdiv.o(.text) refers (Special) to iusefp.o(.text) for __I$use$fp
    fdiv.o(.text) refers to fepilogue.o(.text) for _float_round
    dmul.o(.text) refers (Special) to iusefp.o(.text) for __I$use$fp
    dmul.o(.text) refers to depilogue.o(.text) for _double_epilogue
    fflti.o(.text) refers (Special) to iusefp.o(.text) for __I$use$fp
    fflti.o(.text) refers to fepilogue.o(.text) for _float_epilogue
    ffltui.o(.text) refers (Special) to iusefp.o(.text) for __I$use$fp
    ffltui.o(.text) refers to fepilogue.o(.text) for _float_epilogue
    dflti.o(.text) refers (Special) to iusefp.o(.text) for __I$use$fp
    dflti.o(.text) refers to depilogue.o(.text) for _double_epilogue
    ffixi.o(.text) refers (Special) to iusefp.o(.text) for __I$use$fp
    dfixi.o(.text) refers (Special) to iusefp.o(.text) for __I$use$fp
    dfixi.o(.text) refers to llushr.o(.text) for __aeabi_llsr
    f2d.o(.text) refers (Special) to iusefp.o(.text) for __I$use$fp
    d2f.o(.text) refers (Special) to iusefp.o(.text) for __I$use$fp
    d2f.o(.text) refers to fepilogue.o(.text) for _float_round
    entry2.o(.ARM.Collect$$$$00000001) refers to entry2.o(.ARM.Collect$$$$00002712) for __lit__00000000
    entry2.o(.ARM.Collect$$$$00002712) refers to startup_stm32f10x_hd.o(STACK) for __initial_sp
    entry2.o(__vectab_stack_and_reset_area) refers to startup_stm32f10x_hd.o(STACK) for __initial_sp
    entry2.o(__vectab_stack_and_reset_area) refers to entry.o(.ARM.Collect$$$$00000000) for __main
    entry5.o(.ARM.Collect$$$$00000004) refers to init.o(.text) for __scatterload
    entry9a.o(.ARM.Collect$$$$0000000B) refers to main.o(.text) for main
    entry9b.o(.ARM.Collect$$$$0000000C) refers to main.o(.text) for main
    uldiv.o(.text) refers to llushr.o(.text) for __aeabi_llsr
    uldiv.o(.text) refers to llshl.o(.text) for __aeabi_llsl
    depilogue.o(.text) refers to llshl.o(.text) for __aeabi_llsl
    depilogue.o(.text) refers to llushr.o(.text) for __aeabi_llsr
    dadd.o(.text) refers to llshl.o(.text) for __aeabi_llsl
    dadd.o(.text) refers to llsshr.o(.text) for __aeabi_lasr
    dadd.o(.text) refers to depilogue.o(.text) for _double_epilogue
    ddiv.o(.text) refers to depilogue.o(.text) for _double_round
    dfixul.o(.text) refers to llushr.o(.text) for __aeabi_llsr
    dfixul.o(.text) refers to llshl.o(.text) for __aeabi_llsl
    init.o(.text) refers to entry5.o(.ARM.Collect$$$$00000004) for __main_after_scatterload


==============================================================================

Removing Unused input sections from the image.

    Removing startup_stm32f10x_hd.o(HEAP), (512 bytes).
    Removing core_cm3.o(.emb_text), (32 bytes).
    Removing dadd.o(.text), (334 bytes).
    Removing ddiv.o(.text), (222 bytes).
    Removing dfixul.o(.text), (48 bytes).
    Removing cdrcmple.o(.text), (48 bytes).

6 unused section(s) (total 1196 bytes) removed from the image.

==============================================================================

Image Symbol Table

    Local Symbols

    Symbol Name                              Value     Ov Type        Size  Object(Section)

    ../clib/microlib/division.c              0x00000000   Number         0  uldiv.o ABSOLUTE
    ../clib/microlib/division.c              0x00000000   Number         0  uidiv.o ABSOLUTE
    ../clib/microlib/init/entry.s            0x00000000   Number         0  entry2.o ABSOLUTE
    ../clib/microlib/init/entry.s            0x00000000   Number         0  entry11a.o ABSOLUTE
    ../clib/microlib/init/entry.s            0x00000000   Number         0  entry.o ABSOLUTE
    ../clib/microlib/init/entry.s            0x00000000   Number         0  entry11b.o ABSOLUTE
    ../clib/microlib/init/entry.s            0x00000000   Number         0  entry7b.o ABSOLUTE
    ../clib/microlib/init/entry.s            0x00000000   Number         0  entry8b.o ABSOLUTE
    ../clib/microlib/init/entry.s            0x00000000   Number         0  entry7a.o ABSOLUTE
    ../clib/microlib/init/entry.s            0x00000000   Number         0  entry9a.o ABSOLUTE
    ../clib/microlib/init/entry.s            0x00000000   Number         0  entry9b.o ABSOLUTE
    ../clib/microlib/init/entry.s            0x00000000   Number         0  entry5.o ABSOLUTE
    ../clib/microlib/init/entry.s            0x00000000   Number         0  entry10a.o ABSOLUTE
    ../clib/microlib/init/entry.s            0x00000000   Number         0  entry10b.o ABSOLUTE
    ../clib/microlib/init/entry.s            0x00000000   Number         0  entry8a.o ABSOLUTE
    ../clib/microlib/longlong.c              0x00000000   Number         0  llsshr.o ABSOLUTE
    ../clib/microlib/longlong.c              0x00000000   Number         0  llushr.o ABSOLUTE
    ../clib/microlib/longlong.c              0x00000000   Number         0  llshl.o ABSOLUTE
    ../clib/microlib/printf/printf.c         0x00000000   Number         0  printf6.o ABSOLUTE
    ../clib/microlib/printf/printf.c         0x00000000   Number         0  printf7.o ABSOLUTE
    ../clib/microlib/printf/printf.c         0x00000000   Number         0  printf8.o ABSOLUTE
    ../clib/microlib/printf/printf.c         0x00000000   Number         0  printfa.o ABSOLUTE
    ../clib/microlib/printf/printf.c         0x00000000   Number         0  printf4.o ABSOLUTE
    ../clib/microlib/printf/printf.c         0x00000000   Number         0  printf5.o ABSOLUTE
    ../clib/microlib/printf/printf.c         0x00000000   Number         0  printf3.o ABSOLUTE
    ../clib/microlib/printf/printf.c         0x00000000   Number         0  printf2.o ABSOLUTE
    ../clib/microlib/printf/printf.c         0x00000000   Number         0  printf1.o ABSOLUTE
    ../clib/microlib/printf/printf.c         0x00000000   Number         0  printf0.o ABSOLUTE
    ../clib/microlib/printf/printf.c         0x00000000   Number         0  printfb.o ABSOLUTE
    ../clib/microlib/printf/stubs.s          0x00000000   Number         0  stubs.o ABSOLUTE
    ../clib/microlib/stdio/streams.c         0x00000000   Number         0  stdout.o ABSOLUTE
    ../clib/microlib/stubs.s                 0x00000000   Number         0  iusefp.o ABSOLUTE
    ../fplib/microlib/d2f.c                  0x00000000   Number         0  d2f.o ABSOLUTE
    ../fplib/microlib/f2d.c                  0x00000000   Number         0  f2d.o ABSOLUTE
    ../fplib/microlib/fpadd.c                0x00000000   Number         0  dadd.o ABSOLUTE
    ../fplib/microlib/fpdiv.c                0x00000000   Number         0  ddiv.o ABSOLUTE
    ../fplib/microlib/fpdiv.c                0x00000000   Number         0  fdiv.o ABSOLUTE
    ../fplib/microlib/fpepilogue.c           0x00000000   Number         0  depilogue.o ABSOLUTE
    ../fplib/microlib/fpepilogue.c           0x00000000   Number         0  fepilogue.o ABSOLUTE
    ../fplib/microlib/fpfix.c                0x00000000   Number         0  dfixi.o ABSOLUTE
    ../fplib/microlib/fpfix.c                0x00000000   Number         0  ffixi.o ABSOLUTE
    ../fplib/microlib/fpfix.c                0x00000000   Number         0  dfixul.o ABSOLUTE
    ../fplib/microlib/fpflt.c                0x00000000   Number         0  dflti.o ABSOLUTE
    ../fplib/microlib/fpflt.c                0x00000000   Number         0  ffltui.o ABSOLUTE
    ../fplib/microlib/fpflt.c                0x00000000   Number         0  fflti.o ABSOLUTE
    ../fplib/microlib/fpmul.c                0x00000000   Number         0  dmul.o ABSOLUTE
    ..\CMSIS\core_cm3.c                      0x00000000   Number         0  core_cm3.o ABSOLUTE
    ..\CMSIS\startup\startup_stm32f10x_hd.s  0x00000000   Number         0  startup_stm32f10x_hd.o ABSOLUTE
    ..\CMSIS\system_stm32f10x.c              0x00000000   Number         0  system_stm32f10x.o ABSOLUTE
    ..\FWlib\src\misc.c                      0x00000000   Number         0  misc.o ABSOLUTE
    ..\FWlib\src\stm32f10x_adc.c             0x00000000   Number         0  stm32f10x_adc.o ABSOLUTE
    ..\FWlib\src\stm32f10x_dma.c             0x00000000   Number         0  stm32f10x_dma.o ABSOLUTE
    ..\FWlib\src\stm32f10x_exti.c            0x00000000   Number         0  stm32f10x_exti.o ABSOLUTE
    ..\FWlib\src\stm32f10x_gpio.c            0x00000000   Number         0  stm32f10x_gpio.o ABSOLUTE
    ..\FWlib\src\stm32f10x_rcc.c             0x00000000   Number         0  stm32f10x_rcc.o ABSOLUTE
    ..\FWlib\src\stm32f10x_tim.c             0x00000000   Number         0  stm32f10x_tim.o ABSOLUTE
    ..\FWlib\src\stm32f10x_usart.c           0x00000000   Number         0  stm32f10x_usart.o ABSOLUTE
    ..\\CMSIS\\core_cm3.c                    0x00000000   Number         0  core_cm3.o ABSOLUTE
    Bport_int.c                              0x00000000   Number         0  bport_int.o ABSOLUTE
    Bport_out.c                              0x00000000   Number         0  bport_out.o ABSOLUTE
    DHT11.c                                  0x00000000   Number         0  dht11.o ABSOLUTE
    Pirmotion.c                              0x00000000   Number         0  pirmotion.o ABSOLUTE
    Sevseg.c                                 0x00000000   Number         0  sevseg.o ABSOLUTE
    SysTick.c                                0x00000000   Number         0  systick.o ABSOLUTE
    TIM4.c                                   0x00000000   Number         0  tim4.o ABSOLUTE
    UltrasonicWave.c                         0x00000000   Number         0  ultrasonicwave.o ABSOLUTE
    WS2812B.c                                0x00000000   Number         0  ws2812b.o ABSOLUTE
    adc.c                                    0x00000000   Number         0  adc.o ABSOLUTE
    button.c                                 0x00000000   Number         0  button.o ABSOLUTE
    cdrcmple.s                               0x00000000   Number         0  cdrcmple.o ABSOLUTE
    com.c                                    0x00000000   Number         0  com.o ABSOLUTE
    dc.s                                     0x00000000   Number         0  dc.o ABSOLUTE
    exti.c                                   0x00000000   Number         0  exti.o ABSOLUTE
    handlers.s                               0x00000000   Number         0  handlers.o ABSOLUTE
    init.s                                   0x00000000   Number         0  init.o ABSOLUTE
    main.c                                   0x00000000   Number         0  main.o ABSOLUTE
    motor.c                                  0x00000000   Number         0  motor.o ABSOLUTE
    pwm.c                                    0x00000000   Number         0  pwm.o ABSOLUTE
    servo.c                                  0x00000000   Number         0  servo.o ABSOLUTE
    stm32f10x_it.c                           0x00000000   Number         0  stm32f10x_it.o ABSOLUTE
    usart1.c                                 0x00000000   Number         0  usart1.o ABSOLUTE
    RESET                                    0x08000000   Section      304  startup_stm32f10x_hd.o(RESET)
    .ARM.Collect$$$$00000000                 0x08000130   Section        0  entry.o(.ARM.Collect$$$$00000000)
    .ARM.Collect$$$$00000001                 0x08000130   Section        4  entry2.o(.ARM.Collect$$$$00000001)
    .ARM.Collect$$$$00000004                 0x08000134   Section        4  entry5.o(.ARM.Collect$$$$00000004)
    .ARM.Collect$$$$00000008                 0x08000138   Section        0  entry7b.o(.ARM.Collect$$$$00000008)
    .ARM.Collect$$$$0000000A                 0x08000138   Section        0  entry8b.o(.ARM.Collect$$$$0000000A)
    .ARM.Collect$$$$0000000B                 0x08000138   Section        8  entry9a.o(.ARM.Collect$$$$0000000B)
    .ARM.Collect$$$$0000000D                 0x08000140   Section        0  entry10a.o(.ARM.Collect$$$$0000000D)
    .ARM.Collect$$$$0000000F                 0x08000140   Section        0  entry11a.o(.ARM.Collect$$$$0000000F)
    .ARM.Collect$$$$00002712                 0x08000140   Section        4  entry2.o(.ARM.Collect$$$$00002712)
    __lit__00000000                          0x08000140   Data           4  entry2.o(.ARM.Collect$$$$00002712)
    .text                                    0x08000144   Section       36  startup_stm32f10x_hd.o(.text)
    .text                                    0x08000168   Section        0  main.o(.text)
    .text                                    0x080001c4   Section        0  stm32f10x_it.o(.text)
    .text                                    0x08000344   Section        0  systick.o(.text)
    .text                                    0x080003f8   Section        0  usart1.o(.text)
    itoa                                     0x080004c1   Thumb Code    98  usart1.o(.text)
    .text                                    0x08000630   Section        0  dht11.o(.text)
    DHT11_Mode_IPU                           0x08000663   Thumb Code    26  dht11.o(.text)
    DHT11_Mode_Out_PP                        0x0800067d   Thumb Code    32  dht11.o(.text)
    Read_Byte                                0x0800069d   Thumb Code    96  dht11.o(.text)
    .text                                    0x080007b8   Section        0  com.o(.text)
    .text                                    0x08000b44   Section        0  pwm.o(.text)
    TIM2_GPIO_Config                         0x08000b45   Thumb Code    46  pwm.o(.text)
    .text                                    0x08000c40   Section        0  motor.o(.text)
    .text                                    0x08000d38   Section        0  servo.o(.text)
    .text                                    0x08000d90   Section        0  sevseg.o(.text)
    .text                                    0x08000e8c   Section        0  button.o(.text)
    .text                                    0x08000f60   Section        0  adc.o(.text)
    ADC1_GPIO_Config                         0x08000f61   Thumb Code    42  adc.o(.text)
    ADC1_Mode_Config                         0x08000f8b   Thumb Code   274  adc.o(.text)
    .text                                    0x0800133c   Section        0  pirmotion.o(.text)
    .text                                    0x080013b4   Section        0  ultrasonicwave.o(.text)
    .text                                    0x0800149c   Section        0  ws2812b.o(.text)
    .text                                    0x08001694   Section        0  exti.o(.text)
    NVIC_Configuration                       0x08001695   Thumb Code    40  exti.o(.text)
    .text                                    0x08001748   Section        0  tim4.o(.text)
    .text                                    0x080017b4   Section        0  bport_int.o(.text)
    .text                                    0x08001824   Section        0  bport_out.o(.text)
    .text                                    0x0800195c   Section        0  stm32f10x_gpio.o(.text)
    .text                                    0x08001cb8   Section        0  stm32f10x_rcc.o(.text)
    .text                                    0x0800205c   Section        0  stm32f10x_usart.o(.text)
    .text                                    0x08002464   Section        0  misc.o(.text)
    .text                                    0x08002540   Section        0  stm32f10x_tim.o(.text)
    TI4_Config                               0x080029e7   Thumb Code   130  stm32f10x_tim.o(.text)
    TI3_Config                               0x08002a7b   Thumb Code   122  stm32f10x_tim.o(.text)
    TI2_Config                               0x08002b0f   Thumb Code   130  stm32f10x_tim.o(.text)
    TI1_Config                               0x08002ba3   Thumb Code   108  stm32f10x_tim.o(.text)
    .text                                    0x0800335c   Section        0  stm32f10x_exti.o(.text)
    .text                                    0x08003478   Section        0  stm32f10x_adc.o(.text)
    .text                                    0x080038c8   Section        0  stm32f10x_dma.o(.text)
    .text                                    0x08003b1c   Section        0  system_stm32f10x.o(.text)
    SetSysClockTo72                          0x08003b1d   Thumb Code   214  system_stm32f10x.o(.text)
    SetSysClock                              0x08003bf3   Thumb Code     8  system_stm32f10x.o(.text)
    .text                                    0x08003cfc   Section        0  fdiv.o(.text)
    .text                                    0x08003d78   Section        0  dmul.o(.text)
    .text                                    0x08003e5c   Section        0  fflti.o(.text)
    .text                                    0x08003e6e   Section        0  ffltui.o(.text)
    .text                                    0x08003e78   Section        0  dflti.o(.text)
    .text                                    0x08003e9a   Section        0  ffixi.o(.text)
    .text                                    0x08003ecc   Section        0  dfixi.o(.text)
    .text                                    0x08003f0a   Section        0  f2d.o(.text)
    .text                                    0x08003f30   Section        0  d2f.o(.text)
    .text                                    0x08003f68   Section        0  llushr.o(.text)
    .text                                    0x08003f88   Section        0  iusefp.o(.text)
    .text                                    0x08003f88   Section        0  fepilogue.o(.text)
    .text                                    0x08003ff6   Section        0  depilogue.o(.text)
    .text                                    0x080040b0   Section       36  init.o(.text)
    .text                                    0x080040d4   Section        0  llshl.o(.text)
    i.__0printf$2                            0x080040f4   Section        0  printf2.o(i.__0printf$2)
    i.__scatterload_copy                     0x08004114   Section       14  handlers.o(i.__scatterload_copy)
    i.__scatterload_null                     0x08004122   Section        2  handlers.o(i.__scatterload_null)
    i.__scatterload_zeroinit                 0x08004124   Section       14  handlers.o(i.__scatterload_zeroinit)
    i._printf_core                           0x08004132   Section        0  printf2.o(i._printf_core)
    _printf_core                             0x08004133   Thumb Code   214  printf2.o(i._printf_core)
    .data                                    0x20000000   Section        4  main.o(.data)
    .data                                    0x20000004   Section       12  stm32f10x_it.o(.data)
    i                                        0x2000000e   Data           1  stm32f10x_it.o(.data)
    flag                                     0x2000000f   Data           1  stm32f10x_it.o(.data)
    .data                                    0x20000010   Section        4  systick.o(.data)
    TimingDelay                              0x20000010   Data           4  systick.o(.data)
    .data                                    0x20000014   Section       16  com.o(.data)
    .data                                    0x20000024   Section       16  sevseg.o(.data)
    .data                                    0x20000034   Section        2  ultrasonicwave.o(.data)
    .data                                    0x20000036   Section        4  exti.o(.data)
    .data                                    0x2000003a   Section       20  stm32f10x_rcc.o(.data)
    APBAHBPrescTable                         0x2000003a   Data          16  stm32f10x_rcc.o(.data)
    ADCPrescTable                            0x2000004a   Data           4  stm32f10x_rcc.o(.data)
    .data                                    0x20000050   Section       20  system_stm32f10x.o(.data)
    .data                                    0x20000064   Section        4  stdout.o(.data)
    .bss                                     0x20000068   Section       40  stm32f10x_it.o(.bss)
    .bss                                     0x20000090   Section       10  adc.o(.bss)
    .bss                                     0x2000009a   Section      200  ws2812b.o(.bss)
    .bss                                     0x20000162   Section       33  exti.o(.bss)
    STACK                                    0x20000188   Section     1024  startup_stm32f10x_hd.o(STACK)

    Global Symbols

    Symbol Name                              Value     Ov Type        Size  Object(Section)

    BuildAttributes$$THM_ISAv4$P$D$K$B$S$PE$A:L22UL41UL21$X:L11$S22US41US21$IEEE1$IW$USESV6$~STKCKD$USESV7$~SHL$OTIME$ROPI$EBA8$MICROLIB$REQ8$PRES8$EABIv2 0x00000000   Number         0  anon$$obj.o ABSOLUTE
    __ARM_use_no_argv                        0x00000000   Number         0  main.o ABSOLUTE
    _printf_a                                0x00000000   Number         0  stubs.o ABSOLUTE
    _printf_c                                0x00000000   Number         0  stubs.o ABSOLUTE
    _printf_charcount                        0x00000000   Number         0  stubs.o ABSOLUTE
    _printf_d                                0x00000000   Number         0  stubs.o ABSOLUTE
    _printf_e                                0x00000000   Number         0  stubs.o ABSOLUTE
    _printf_f                                0x00000000   Number         0  stubs.o ABSOLUTE
    _printf_flags                            0x00000000   Number         0  stubs.o ABSOLUTE
    _printf_fp_dec                           0x00000000   Number         0  stubs.o ABSOLUTE
    _printf_fp_hex                           0x00000000   Number         0  stubs.o ABSOLUTE
    _printf_g                                0x00000000   Number         0  stubs.o ABSOLUTE
    _printf_i                                0x00000000   Number         0  stubs.o ABSOLUTE
    _printf_int_dec                          0x00000000   Number         0  stubs.o ABSOLUTE
    _printf_l                                0x00000000   Number         0  stubs.o ABSOLUTE
    _printf_lc                               0x00000000   Number         0  stubs.o ABSOLUTE
    _printf_ll                               0x00000000   Number         0  stubs.o ABSOLUTE
    _printf_lld                              0x00000000   Number         0  stubs.o ABSOLUTE
    _printf_lli                              0x00000000   Number         0  stubs.o ABSOLUTE
    _printf_llo                              0x00000000   Number         0  stubs.o ABSOLUTE
    _printf_llu                              0x00000000   Number         0  stubs.o ABSOLUTE
    _printf_llx                              0x00000000   Number         0  stubs.o ABSOLUTE
    _printf_longlong_dec                     0x00000000   Number         0  stubs.o ABSOLUTE
    _printf_longlong_hex                     0x00000000   Number         0  stubs.o ABSOLUTE
    _printf_longlong_oct                     0x00000000   Number         0  stubs.o ABSOLUTE
    _printf_ls                               0x00000000   Number         0  stubs.o ABSOLUTE
    _printf_mbtowc                           0x00000000   Number         0  stubs.o ABSOLUTE
    _printf_n                                0x00000000   Number         0  stubs.o ABSOLUTE
    _printf_o                                0x00000000   Number         0  stubs.o ABSOLUTE
    _printf_p                                0x00000000   Number         0  stubs.o ABSOLUTE
    _printf_percent                          0x00000000   Number         0  stubs.o ABSOLUTE
    _printf_pre_padding                      0x00000000   Number         0  stubs.o ABSOLUTE
    _printf_return_value                     0x00000000   Number         0  stubs.o ABSOLUTE
    _printf_s                                0x00000000   Number         0  stubs.o ABSOLUTE
    _printf_sizespec                         0x00000000   Number         0  stubs.o ABSOLUTE
    _printf_str                              0x00000000   Number         0  stubs.o ABSOLUTE
    _printf_truncate_signed                  0x00000000   Number         0  stubs.o ABSOLUTE
    _printf_truncate_unsigned                0x00000000   Number         0  stubs.o ABSOLUTE
    _printf_u                                0x00000000   Number         0  stubs.o ABSOLUTE
    _printf_wc                               0x00000000   Number         0  stubs.o ABSOLUTE
    _printf_wctomb                           0x00000000   Number         0  stubs.o ABSOLUTE
    _printf_widthprec                        0x00000000   Number         0  stubs.o ABSOLUTE
    _printf_x                                0x00000000   Number         0  stubs.o ABSOLUTE
    __cpp_initialize__aeabi_                  - Undefined Weak Reference
    __cxa_finalize                            - Undefined Weak Reference
    __decompress                              - Undefined Weak Reference
    _clock_init                               - Undefined Weak Reference
    _microlib_exit                            - Undefined Weak Reference
    __Vectors_Size                           0x00000130   Number         0  startup_stm32f10x_hd.o ABSOLUTE
    __Vectors                                0x08000000   Data           4  startup_stm32f10x_hd.o(RESET)
    __Vectors_End                            0x08000130   Data           0  startup_stm32f10x_hd.o(RESET)
    __main                                   0x08000131   Thumb Code     0  entry.o(.ARM.Collect$$$$00000000)
    _main_stk                                0x08000131   Thumb Code     0  entry2.o(.ARM.Collect$$$$00000001)
    _main_scatterload                        0x08000135   Thumb Code     0  entry5.o(.ARM.Collect$$$$00000004)
    __main_after_scatterload                 0x08000139   Thumb Code     0  entry5.o(.ARM.Collect$$$$00000004)
    _main_clock                              0x08000139   Thumb Code     0  entry7b.o(.ARM.Collect$$$$00000008)
    _main_cpp_init                           0x08000139   Thumb Code     0  entry8b.o(.ARM.Collect$$$$0000000A)
    _main_init                               0x08000139   Thumb Code     0  entry9a.o(.ARM.Collect$$$$0000000B)
    __rt_final_cpp                           0x08000141   Thumb Code     0  entry10a.o(.ARM.Collect$$$$0000000D)
    __rt_final_exit                          0x08000141   Thumb Code     0  entry11a.o(.ARM.Collect$$$$0000000F)
    Reset_Handler                            0x08000145   Thumb Code     8  startup_stm32f10x_hd.o(.text)
    ADC1_2_IRQHandler                        0x0800015f   Thumb Code     0  startup_stm32f10x_hd.o(.text)
    ADC3_IRQHandler                          0x0800015f   Thumb Code     0  startup_stm32f10x_hd.o(.text)
    CAN1_RX1_IRQHandler                      0x0800015f   Thumb Code     0  startup_stm32f10x_hd.o(.text)
    CAN1_SCE_IRQHandler                      0x0800015f   Thumb Code     0  startup_stm32f10x_hd.o(.text)
    DMA1_Channel1_IRQHandler                 0x0800015f   Thumb Code     0  startup_stm32f10x_hd.o(.text)
    DMA1_Channel2_IRQHandler                 0x0800015f   Thumb Code     0  startup_stm32f10x_hd.o(.text)
    DMA1_Channel3_IRQHandler                 0x0800015f   Thumb Code     0  startup_stm32f10x_hd.o(.text)
    DMA1_Channel4_IRQHandler                 0x0800015f   Thumb Code     0  startup_stm32f10x_hd.o(.text)
    DMA1_Channel5_IRQHandler                 0x0800015f   Thumb Code     0  startup_stm32f10x_hd.o(.text)
    DMA1_Channel6_IRQHandler                 0x0800015f   Thumb Code     0  startup_stm32f10x_hd.o(.text)
    DMA1_Channel7_IRQHandler                 0x0800015f   Thumb Code     0  startup_stm32f10x_hd.o(.text)
    DMA2_Channel1_IRQHandler                 0x0800015f   Thumb Code     0  startup_stm32f10x_hd.o(.text)
    DMA2_Channel2_IRQHandler                 0x0800015f   Thumb Code     0  startup_stm32f10x_hd.o(.text)
    DMA2_Channel3_IRQHandler                 0x0800015f   Thumb Code     0  startup_stm32f10x_hd.o(.text)
    DMA2_Channel4_5_IRQHandler               0x0800015f   Thumb Code     0  startup_stm32f10x_hd.o(.text)
    EXTI15_10_IRQHandler                     0x0800015f   Thumb Code     0  startup_stm32f10x_hd.o(.text)
    EXTI1_IRQHandler                         0x0800015f   Thumb Code     0  startup_stm32f10x_hd.o(.text)
    EXTI2_IRQHandler                         0x0800015f   Thumb Code     0  startup_stm32f10x_hd.o(.text)
    EXTI3_IRQHandler                         0x0800015f   Thumb Code     0  startup_stm32f10x_hd.o(.text)
    EXTI4_IRQHandler                         0x0800015f   Thumb Code     0  startup_stm32f10x_hd.o(.text)
    EXTI9_5_IRQHandler                       0x0800015f   Thumb Code     0  startup_stm32f10x_hd.o(.text)
    FLASH_IRQHandler                         0x0800015f   Thumb Code     0  startup_stm32f10x_hd.o(.text)
    FSMC_IRQHandler                          0x0800015f   Thumb Code     0  startup_stm32f10x_hd.o(.text)
    I2C1_ER_IRQHandler                       0x0800015f   Thumb Code     0  startup_stm32f10x_hd.o(.text)
    I2C1_EV_IRQHandler                       0x0800015f   Thumb Code     0  startup_stm32f10x_hd.o(.text)
    I2C2_ER_IRQHandler                       0x0800015f   Thumb Code     0  startup_stm32f10x_hd.o(.text)
    I2C2_EV_IRQHandler                       0x0800015f   Thumb Code     0  startup_stm32f10x_hd.o(.text)
    PVD_IRQHandler                           0x0800015f   Thumb Code     0  startup_stm32f10x_hd.o(.text)
    RCC_IRQHandler                           0x0800015f   Thumb Code     0  startup_stm32f10x_hd.o(.text)
    RTCAlarm_IRQHandler                      0x0800015f   Thumb Code     0  startup_stm32f10x_hd.o(.text)
    RTC_IRQHandler                           0x0800015f   Thumb Code     0  startup_stm32f10x_hd.o(.text)
    SDIO_IRQHandler                          0x0800015f   Thumb Code     0  startup_stm32f10x_hd.o(.text)
    SPI1_IRQHandler                          0x0800015f   Thumb Code     0  startup_stm32f10x_hd.o(.text)
    SPI2_IRQHandler                          0x0800015f   Thumb Code     0  startup_stm32f10x_hd.o(.text)
    SPI3_IRQHandler                          0x0800015f   Thumb Code     0  startup_stm32f10x_hd.o(.text)
    TAMPER_IRQHandler                        0x0800015f   Thumb Code     0  startup_stm32f10x_hd.o(.text)
    TIM1_BRK_IRQHandler                      0x0800015f   Thumb Code     0  startup_stm32f10x_hd.o(.text)
    TIM1_CC_IRQHandler                       0x0800015f   Thumb Code     0  startup_stm32f10x_hd.o(.text)
    TIM1_TRG_COM_IRQHandler                  0x0800015f   Thumb Code     0  startup_stm32f10x_hd.o(.text)
    TIM1_UP_IRQHandler                       0x0800015f   Thumb Code     0  startup_stm32f10x_hd.o(.text)
    TIM2_IRQHandler                          0x0800015f   Thumb Code     0  startup_stm32f10x_hd.o(.text)
    TIM3_IRQHandler                          0x0800015f   Thumb Code     0  startup_stm32f10x_hd.o(.text)
    TIM4_IRQHandler                          0x0800015f   Thumb Code     0  startup_stm32f10x_hd.o(.text)
    TIM5_IRQHandler                          0x0800015f   Thumb Code     0  startup_stm32f10x_hd.o(.text)
    TIM6_IRQHandler                          0x0800015f   Thumb Code     0  startup_stm32f10x_hd.o(.text)
    TIM7_IRQHandler                          0x0800015f   Thumb Code     0  startup_stm32f10x_hd.o(.text)
    TIM8_BRK_IRQHandler                      0x0800015f   Thumb Code     0  startup_stm32f10x_hd.o(.text)
    TIM8_CC_IRQHandler                       0x0800015f   Thumb Code     0  startup_stm32f10x_hd.o(.text)
    TIM8_TRG_COM_IRQHandler                  0x0800015f   Thumb Code     0  startup_stm32f10x_hd.o(.text)
    TIM8_UP_IRQHandler                       0x0800015f   Thumb Code     0  startup_stm32f10x_hd.o(.text)
    UART4_IRQHandler                         0x0800015f   Thumb Code     0  startup_stm32f10x_hd.o(.text)
    UART5_IRQHandler                         0x0800015f   Thumb Code     0  startup_stm32f10x_hd.o(.text)
    USART2_IRQHandler                        0x0800015f   Thumb Code     0  startup_stm32f10x_hd.o(.text)
    USART3_IRQHandler                        0x0800015f   Thumb Code     0  startup_stm32f10x_hd.o(.text)
    USBWakeUp_IRQHandler                     0x0800015f   Thumb Code     0  startup_stm32f10x_hd.o(.text)
    USB_HP_CAN1_TX_IRQHandler                0x0800015f   Thumb Code     0  startup_stm32f10x_hd.o(.text)
    USB_LP_CAN1_RX0_IRQHandler               0x0800015f   Thumb Code     0  startup_stm32f10x_hd.o(.text)
    WWDG_IRQHandler                          0x0800015f   Thumb Code     0  startup_stm32f10x_hd.o(.text)
    main                                     0x08000169   Thumb Code    82  main.o(.text)
    NMI_Handler                              0x080001c5   Thumb Code     2  stm32f10x_it.o(.text)
    HardFault_Handler                        0x080001c7   Thumb Code     4  stm32f10x_it.o(.text)
    MemManage_Handler                        0x080001cb   Thumb Code     4  stm32f10x_it.o(.text)
    BusFault_Handler                         0x080001cf   Thumb Code     4  stm32f10x_it.o(.text)
    UsageFault_Handler                       0x080001d3   Thumb Code     4  stm32f10x_it.o(.text)
    SVC_Handler                              0x080001d7   Thumb Code     2  stm32f10x_it.o(.text)
    DebugMon_Handler                         0x080001d9   Thumb Code     2  stm32f10x_it.o(.text)
    PendSV_Handler                           0x080001db   Thumb Code     2  stm32f10x_it.o(.text)
    SysTick_Handler                          0x080001dd   Thumb Code    42  stm32f10x_it.o(.text)
    USART1_IRQHandler                        0x08000207   Thumb Code   152  stm32f10x_it.o(.text)
    EXTI0_IRQHandler                         0x0800029f   Thumb Code   114  stm32f10x_it.o(.text)
    SysTick_Init                             0x08000345   Thumb Code   106  systick.o(.text)
    Delay_us                                 0x080003af   Thumb Code    36  systick.o(.text)
    TimingDelay_Decrement                    0x080003d3   Thumb Code    18  systick.o(.text)
    USART1_Config                            0x080003f9   Thumb Code   126  usart1.o(.text)
    NVIC_Configuration                       0x08000477   Thumb Code    42  usart1.o(.text)
    fputc                                    0x080004a1   Thumb Code    32  usart1.o(.text)
    USART1_printf                            0x08000523   Thumb Code   262  usart1.o(.text)
    DHT11_GPIO_Config                        0x08000631   Thumb Code    50  dht11.o(.text)
    Read_DHT11                               0x080006fd   Thumb Code   168  dht11.o(.text)
    DHT11_update                             0x080007a5   Thumb Code    10  dht11.o(.text)
    writeHead                                0x080007b9   Thumb Code    20  com.o(.text)
    writeEnd                                 0x080007cd   Thumb Code    20  com.o(.text)
    writeSerial                              0x080007e1   Thumb Code    14  com.o(.text)
    callOK                                   0x080007ef   Thumb Code    12  com.o(.text)
    readmotor                                0x080007fb   Thumb Code    42  com.o(.text)
    runModule                                0x08000825   Thumb Code   202  com.o(.text)
    sendFloat                                0x080008ef   Thumb Code    48  com.o(.text)
    sendByte                                 0x0800091f   Thumb Code    22  com.o(.text)
    readSensor                               0x08000935   Thumb Code   406  com.o(.text)
    parseData                                0x08000acb   Thumb Code    86  com.o(.text)
    Timer_Init                               0x08000b73   Thumb Code   190  pwm.o(.text)
    TIM2_PWM_Init                            0x08000c31   Thumb Code    12  pwm.o(.text)
    Runmotor                                 0x08000c41   Thumb Code   144  motor.o(.text)
    Runpwm                                   0x08000cd1   Thumb Code    96  motor.o(.text)
    Runservo                                 0x08000d39   Thumb Code    82  servo.o(.text)
    delay_SMG                                0x08000d91   Thumb Code    22  sevseg.o(.text)
    LED_GPIO_Config                          0x08000da7   Thumb Code    40  sevseg.o(.text)
    Control_GPIO_Config                      0x08000dcf   Thumb Code    50  sevseg.o(.text)
    SMG_init                                 0x08000e01   Thumb Code    12  sevseg.o(.text)
    SMG_Display                              0x08000e0d   Thumb Code    76  sevseg.o(.text)
    RunSevseg                                0x08000e59   Thumb Code    40  sevseg.o(.text)
    read_botton_status                       0x08000e8d   Thumb Code   116  button.o(.text)
    read_digial_status                       0x08000f01   Thumb Code    92  button.o(.text)
    ADC1_Init                                0x0800109d   Thumb Code    12  adc.o(.text)
    ReadLightsevro                           0x080010a9   Thumb Code   172  adc.o(.text)
    ReadSoundsevro                           0x08001155   Thumb Code   172  adc.o(.text)
    ReadPotentionmeterRsevro                 0x08001201   Thumb Code   172  adc.o(.text)
    Readanalogvalue                          0x080012ad   Thumb Code   122  adc.o(.text)
    read_PIRmotion_status                    0x0800133d   Thumb Code   116  pirmotion.o(.text)
    DelayTime_us                             0x080013b5   Thumb Code    22  ultrasonicwave.o(.text)
    UltrasonicWave_Configuration             0x080013cb   Thumb Code    62  ultrasonicwave.o(.text)
    UltrasonicWave_CalculateTime             0x08001409   Thumb Code    32  ultrasonicwave.o(.text)
    UltrasonicWave_StartMeasure              0x08001429   Thumb Code   104  ultrasonicwave.o(.text)
    Timer3_init                              0x0800149d   Thumb Code   202  ws2812b.o(.text)
    WS2812_send                              0x08001567   Thumb Code   278  ws2812b.o(.text)
    EXTI_PB0_Config                          0x080016bd   Thumb Code    72  exti.o(.text)
    bit_byte                                 0x08001705   Thumb Code    54  exti.o(.text)
    TIM4_NVIC_Configuration                  0x08001749   Thumb Code    42  tim4.o(.text)
    TIM4_Configuration                       0x08001773   Thumb Code    60  tim4.o(.text)
    Key_GPIO_Config                          0x080017b5   Thumb Code    40  bport_int.o(.text)
    Delay                                    0x080017dd   Thumb Code    18  bport_int.o(.text)
    GPIO_Scan                                0x080017ef   Thumb Code    48  bport_int.o(.text)
    Bportout_GPIO_Config                     0x08001825   Thumb Code    84  bport_out.o(.text)
    Runbuzzer                                0x08001879   Thumb Code   122  bport_out.o(.text)
    Rundigitalout                            0x080018f3   Thumb Code    96  bport_out.o(.text)
    GPIO_DeInit                              0x0800195d   Thumb Code   172  stm32f10x_gpio.o(.text)
    GPIO_AFIODeInit                          0x08001a09   Thumb Code    20  stm32f10x_gpio.o(.text)
    GPIO_Init                                0x08001a1d   Thumb Code   278  stm32f10x_gpio.o(.text)
    GPIO_StructInit                          0x08001b33   Thumb Code    16  stm32f10x_gpio.o(.text)
    GPIO_ReadInputDataBit                    0x08001b43   Thumb Code    18  stm32f10x_gpio.o(.text)
    GPIO_ReadInputData                       0x08001b55   Thumb Code     8  stm32f10x_gpio.o(.text)
    GPIO_ReadOutputDataBit                   0x08001b5d   Thumb Code    18  stm32f10x_gpio.o(.text)
    GPIO_ReadOutputData                      0x08001b6f   Thumb Code     8  stm32f10x_gpio.o(.text)
    GPIO_SetBits                             0x08001b77   Thumb Code     4  stm32f10x_gpio.o(.text)
    GPIO_ResetBits                           0x08001b7b   Thumb Code     4  stm32f10x_gpio.o(.text)
    GPIO_WriteBit                            0x08001b7f   Thumb Code    10  stm32f10x_gpio.o(.text)
    GPIO_Write                               0x08001b89   Thumb Code     4  stm32f10x_gpio.o(.text)
    GPIO_PinLockConfig                       0x08001b8d   Thumb Code    18  stm32f10x_gpio.o(.text)
    GPIO_EventOutputConfig                   0x08001b9f   Thumb Code    26  stm32f10x_gpio.o(.text)
    GPIO_EventOutputCmd                      0x08001bb9   Thumb Code     6  stm32f10x_gpio.o(.text)
    GPIO_PinRemapConfig                      0x08001bbf   Thumb Code   138  stm32f10x_gpio.o(.text)
    GPIO_EXTILineConfig                      0x08001c49   Thumb Code    66  stm32f10x_gpio.o(.text)
    GPIO_ETH_MediaInterfaceConfig            0x08001c8b   Thumb Code     8  stm32f10x_gpio.o(.text)
    RCC_DeInit                               0x08001cb9   Thumb Code    64  stm32f10x_rcc.o(.text)
    RCC_HSEConfig                            0x08001cf9   Thumb Code    70  stm32f10x_rcc.o(.text)
    RCC_GetFlagStatus                        0x08001d3f   Thumb Code    56  stm32f10x_rcc.o(.text)
    RCC_WaitForHSEStartUp                    0x08001d77   Thumb Code    56  stm32f10x_rcc.o(.text)
    RCC_AdjustHSICalibrationValue            0x08001daf   Thumb Code    20  stm32f10x_rcc.o(.text)
    RCC_HSICmd                               0x08001dc3   Thumb Code     6  stm32f10x_rcc.o(.text)
    RCC_PLLConfig                            0x08001dc9   Thumb Code    24  stm32f10x_rcc.o(.text)
    RCC_PLLCmd                               0x08001de1   Thumb Code     6  stm32f10x_rcc.o(.text)
    RCC_SYSCLKConfig                         0x08001de7   Thumb Code    18  stm32f10x_rcc.o(.text)
    RCC_GetSYSCLKSource                      0x08001df9   Thumb Code    10  stm32f10x_rcc.o(.text)
    RCC_HCLKConfig                           0x08001e03   Thumb Code    18  stm32f10x_rcc.o(.text)
    RCC_PCLK1Config                          0x08001e15   Thumb Code    18  stm32f10x_rcc.o(.text)
    RCC_PCLK2Config                          0x08001e27   Thumb Code    20  stm32f10x_rcc.o(.text)
    RCC_ITConfig                             0x08001e3b   Thumb Code    26  stm32f10x_rcc.o(.text)
    RCC_USBCLKConfig                         0x08001e55   Thumb Code     8  stm32f10x_rcc.o(.text)
    RCC_ADCCLKConfig                         0x08001e5d   Thumb Code    18  stm32f10x_rcc.o(.text)
    RCC_LSEConfig                            0x08001e6f   Thumb Code    50  stm32f10x_rcc.o(.text)
    RCC_LSICmd                               0x08001ea1   Thumb Code     6  stm32f10x_rcc.o(.text)
    RCC_RTCCLKConfig                         0x08001ea7   Thumb Code    12  stm32f10x_rcc.o(.text)
    RCC_RTCCLKCmd                            0x08001eb3   Thumb Code     8  stm32f10x_rcc.o(.text)
    RCC_GetClocksFreq                        0x08001ebb   Thumb Code   192  stm32f10x_rcc.o(.text)
    RCC_AHBPeriphClockCmd                    0x08001f7b   Thumb Code    26  stm32f10x_rcc.o(.text)
    RCC_APB2PeriphClockCmd                   0x08001f95   Thumb Code    26  stm32f10x_rcc.o(.text)
    RCC_APB1PeriphClockCmd                   0x08001faf   Thumb Code    26  stm32f10x_rcc.o(.text)
    RCC_APB2PeriphResetCmd                   0x08001fc9   Thumb Code    26  stm32f10x_rcc.o(.text)
    RCC_APB1PeriphResetCmd                   0x08001fe3   Thumb Code    26  stm32f10x_rcc.o(.text)
    RCC_BackupResetCmd                       0x08001ffd   Thumb Code     8  stm32f10x_rcc.o(.text)
    RCC_ClockSecuritySystemCmd               0x08002005   Thumb Code     6  stm32f10x_rcc.o(.text)
    RCC_MCOConfig                            0x0800200b   Thumb Code     6  stm32f10x_rcc.o(.text)
    RCC_ClearFlag                            0x08002011   Thumb Code    14  stm32f10x_rcc.o(.text)
    RCC_GetITStatus                          0x0800201f   Thumb Code    20  stm32f10x_rcc.o(.text)
    RCC_ClearITPendingBit                    0x08002033   Thumb Code     6  stm32f10x_rcc.o(.text)
    USART_DeInit                             0x0800205d   Thumb Code   134  stm32f10x_usart.o(.text)
    USART_Init                               0x080020e3   Thumb Code   210  stm32f10x_usart.o(.text)
    USART_StructInit                         0x080021b5   Thumb Code    24  stm32f10x_usart.o(.text)
    USART_ClockInit                          0x080021cd   Thumb Code    34  stm32f10x_usart.o(.text)
    USART_ClockStructInit                    0x080021ef   Thumb Code    12  stm32f10x_usart.o(.text)
    USART_Cmd                                0x080021fb   Thumb Code    24  stm32f10x_usart.o(.text)
    USART_ITConfig                           0x08002213   Thumb Code    74  stm32f10x_usart.o(.text)
    USART_DMACmd                             0x0800225d   Thumb Code    18  stm32f10x_usart.o(.text)
    USART_SetAddress                         0x0800226f   Thumb Code    18  stm32f10x_usart.o(.text)
    USART_WakeUpConfig                       0x08002281   Thumb Code    18  stm32f10x_usart.o(.text)
    USART_ReceiverWakeUpCmd                  0x08002293   Thumb Code    24  stm32f10x_usart.o(.text)
    USART_LINBreakDetectLengthConfig         0x080022ab   Thumb Code    18  stm32f10x_usart.o(.text)
    USART_LINCmd                             0x080022bd   Thumb Code    24  stm32f10x_usart.o(.text)
    USART_SendData                           0x080022d5   Thumb Code     8  stm32f10x_usart.o(.text)
    USART_ReceiveData                        0x080022dd   Thumb Code    10  stm32f10x_usart.o(.text)
    USART_SendBreak                          0x080022e7   Thumb Code    10  stm32f10x_usart.o(.text)
    USART_SetGuardTime                       0x080022f1   Thumb Code    16  stm32f10x_usart.o(.text)
    USART_SetPrescaler                       0x08002301   Thumb Code    16  stm32f10x_usart.o(.text)
    USART_SmartCardCmd                       0x08002311   Thumb Code    24  stm32f10x_usart.o(.text)
    USART_SmartCardNACKCmd                   0x08002329   Thumb Code    24  stm32f10x_usart.o(.text)
    USART_HalfDuplexCmd                      0x08002341   Thumb Code    24  stm32f10x_usart.o(.text)
    USART_OverSampling8Cmd                   0x08002359   Thumb Code    22  stm32f10x_usart.o(.text)
    USART_OneBitMethodCmd                    0x0800236f   Thumb Code    24  stm32f10x_usart.o(.text)
    USART_IrDAConfig                         0x08002387   Thumb Code    18  stm32f10x_usart.o(.text)
    USART_IrDACmd                            0x08002399   Thumb Code    24  stm32f10x_usart.o(.text)
    USART_GetFlagStatus                      0x080023b1   Thumb Code    26  stm32f10x_usart.o(.text)
    USART_ClearFlag                          0x080023cb   Thumb Code    18  stm32f10x_usart.o(.text)
    USART_GetITStatus                        0x080023dd   Thumb Code    84  stm32f10x_usart.o(.text)
    USART_ClearITPendingBit                  0x08002431   Thumb Code    52  stm32f10x_usart.o(.text)
    NVIC_PriorityGroupConfig                 0x08002465   Thumb Code    10  misc.o(.text)
    NVIC_Init                                0x0800246f   Thumb Code   100  misc.o(.text)
    NVIC_SetVectorTable                      0x080024d3   Thumb Code    14  misc.o(.text)
    NVIC_SystemLPConfig                      0x080024e1   Thumb Code    34  misc.o(.text)
    SysTick_CLKSourceConfig                  0x08002503   Thumb Code    40  misc.o(.text)
    TIM_DeInit                               0x08002541   Thumb Code   424  stm32f10x_tim.o(.text)
    TIM_TimeBaseInit                         0x080026e9   Thumb Code   122  stm32f10x_tim.o(.text)
    TIM_OC1Init                              0x08002763   Thumb Code   132  stm32f10x_tim.o(.text)
    TIM_OC2Init                              0x080027e7   Thumb Code   154  stm32f10x_tim.o(.text)
    TIM_OC3Init                              0x08002881   Thumb Code   150  stm32f10x_tim.o(.text)
    TIM_OC4Init                              0x08002917   Thumb Code   182  stm32f10x_tim.o(.text)
    TIM_SetIC4Prescaler                      0x080029cd   Thumb Code    26  stm32f10x_tim.o(.text)
    TIM_SetIC3Prescaler                      0x08002a69   Thumb Code    18  stm32f10x_tim.o(.text)
    TIM_SetIC2Prescaler                      0x08002af5   Thumb Code    26  stm32f10x_tim.o(.text)
    TIM_SetIC1Prescaler                      0x08002b91   Thumb Code    18  stm32f10x_tim.o(.text)
    TIM_ICInit                               0x08002c0f   Thumb Code   150  stm32f10x_tim.o(.text)
    TIM_PWMIConfig                           0x08002ca5   Thumb Code   124  stm32f10x_tim.o(.text)
    TIM_BDTRConfig                           0x08002d21   Thumb Code    32  stm32f10x_tim.o(.text)
    TIM_TimeBaseStructInit                   0x08002d41   Thumb Code    18  stm32f10x_tim.o(.text)
    TIM_OCStructInit                         0x08002d53   Thumb Code    20  stm32f10x_tim.o(.text)
    TIM_ICStructInit                         0x08002d67   Thumb Code    18  stm32f10x_tim.o(.text)
    TIM_BDTRStructInit                       0x08002d79   Thumb Code    40  stm32f10x_tim.o(.text)
    TIM_Cmd                                  0x08002da1   Thumb Code    24  stm32f10x_tim.o(.text)
    TIM_CtrlPWMOutputs                       0x08002db9   Thumb Code    30  stm32f10x_tim.o(.text)
    TIM_ITConfig                             0x08002dd7   Thumb Code    18  stm32f10x_tim.o(.text)
    TIM_GenerateEvent                        0x08002de9   Thumb Code     4  stm32f10x_tim.o(.text)
    TIM_DMAConfig                            0x08002ded   Thumb Code    10  stm32f10x_tim.o(.text)
    TIM_DMACmd                               0x08002df7   Thumb Code    18  stm32f10x_tim.o(.text)
    TIM_InternalClockConfig                  0x08002e09   Thumb Code    12  stm32f10x_tim.o(.text)
    TIM_SelectInputTrigger                   0x08002e15   Thumb Code    18  stm32f10x_tim.o(.text)
    TIM_ITRxExternalClockConfig              0x08002e27   Thumb Code    24  stm32f10x_tim.o(.text)
    TIM_TIxExternalClockConfig               0x08002e3f   Thumb Code    62  stm32f10x_tim.o(.text)
    TIM_ETRConfig                            0x08002e7d   Thumb Code    28  stm32f10x_tim.o(.text)
    TIM_ETRClockMode1Config                  0x08002e99   Thumb Code    54  stm32f10x_tim.o(.text)
    TIM_ETRClockMode2Config                  0x08002ecf   Thumb Code    32  stm32f10x_tim.o(.text)
    TIM_PrescalerConfig                      0x08002eef   Thumb Code     6  stm32f10x_tim.o(.text)
    TIM_CounterModeConfig                    0x08002ef5   Thumb Code    18  stm32f10x_tim.o(.text)
    TIM_EncoderInterfaceConfig               0x08002f07   Thumb Code    66  stm32f10x_tim.o(.text)
    TIM_ForcedOC1Config                      0x08002f49   Thumb Code    18  stm32f10x_tim.o(.text)
    TIM_ForcedOC2Config                      0x08002f5b   Thumb Code    26  stm32f10x_tim.o(.text)
    TIM_ForcedOC3Config                      0x08002f75   Thumb Code    18  stm32f10x_tim.o(.text)
    TIM_ForcedOC4Config                      0x08002f87   Thumb Code    26  stm32f10x_tim.o(.text)
    TIM_ARRPreloadConfig                     0x08002fa1   Thumb Code    24  stm32f10x_tim.o(.text)
    TIM_SelectCOM                            0x08002fb9   Thumb Code    24  stm32f10x_tim.o(.text)
    TIM_SelectCCDMA                          0x08002fd1   Thumb Code    24  stm32f10x_tim.o(.text)
    TIM_CCPreloadControl                     0x08002fe9   Thumb Code    24  stm32f10x_tim.o(.text)
    TIM_OC1PreloadConfig                     0x08003001   Thumb Code    18  stm32f10x_tim.o(.text)
    TIM_OC2PreloadConfig                     0x08003013   Thumb Code    26  stm32f10x_tim.o(.text)
    TIM_OC3PreloadConfig                     0x0800302d   Thumb Code    18  stm32f10x_tim.o(.text)
    TIM_OC4PreloadConfig                     0x0800303f   Thumb Code    26  stm32f10x_tim.o(.text)
    TIM_OC1FastConfig                        0x08003059   Thumb Code    18  stm32f10x_tim.o(.text)
    TIM_OC2FastConfig                        0x0800306b   Thumb Code    26  stm32f10x_tim.o(.text)
    TIM_OC3FastConfig                        0x08003085   Thumb Code    18  stm32f10x_tim.o(.text)
    TIM_OC4FastConfig                        0x08003097   Thumb Code    26  stm32f10x_tim.o(.text)
    TIM_ClearOC1Ref                          0x080030b1   Thumb Code    18  stm32f10x_tim.o(.text)
    TIM_ClearOC2Ref                          0x080030c3   Thumb Code    24  stm32f10x_tim.o(.text)
    TIM_ClearOC3Ref                          0x080030db   Thumb Code    18  stm32f10x_tim.o(.text)
    TIM_ClearOC4Ref                          0x080030ed   Thumb Code    24  stm32f10x_tim.o(.text)
    TIM_OC1PolarityConfig                    0x08003105   Thumb Code    18  stm32f10x_tim.o(.text)
    TIM_OC1NPolarityConfig                   0x08003117   Thumb Code    18  stm32f10x_tim.o(.text)
    TIM_OC2PolarityConfig                    0x08003129   Thumb Code    26  stm32f10x_tim.o(.text)
    TIM_OC2NPolarityConfig                   0x08003143   Thumb Code    26  stm32f10x_tim.o(.text)
    TIM_OC3PolarityConfig                    0x0800315d   Thumb Code    26  stm32f10x_tim.o(.text)
    TIM_OC3NPolarityConfig                   0x08003177   Thumb Code    26  stm32f10x_tim.o(.text)
    TIM_OC4PolarityConfig                    0x08003191   Thumb Code    26  stm32f10x_tim.o(.text)
    TIM_CCxCmd                               0x080031ab   Thumb Code    30  stm32f10x_tim.o(.text)
    TIM_CCxNCmd                              0x080031c9   Thumb Code    30  stm32f10x_tim.o(.text)
    TIM_SelectOCxM                           0x080031e7   Thumb Code    82  stm32f10x_tim.o(.text)
    TIM_UpdateDisableConfig                  0x08003239   Thumb Code    24  stm32f10x_tim.o(.text)
    TIM_UpdateRequestConfig                  0x08003251   Thumb Code    24  stm32f10x_tim.o(.text)
    TIM_SelectHallSensor                     0x08003269   Thumb Code    24  stm32f10x_tim.o(.text)
    TIM_SelectOnePulseMode                   0x08003281   Thumb Code    18  stm32f10x_tim.o(.text)
    TIM_SelectOutputTrigger                  0x08003293   Thumb Code    18  stm32f10x_tim.o(.text)
    TIM_SelectSlaveMode                      0x080032a5   Thumb Code    18  stm32f10x_tim.o(.text)
    TIM_SelectMasterSlaveMode                0x080032b7   Thumb Code    18  stm32f10x_tim.o(.text)
    TIM_SetCounter                           0x080032c9   Thumb Code     4  stm32f10x_tim.o(.text)
    TIM_SetAutoreload                        0x080032cd   Thumb Code     4  stm32f10x_tim.o(.text)
    TIM_SetCompare1                          0x080032d1   Thumb Code     4  stm32f10x_tim.o(.text)
    TIM_SetCompare2                          0x080032d5   Thumb Code     4  stm32f10x_tim.o(.text)
    TIM_SetCompare3                          0x080032d9   Thumb Code     4  stm32f10x_tim.o(.text)
    TIM_SetCompare4                          0x080032dd   Thumb Code     6  stm32f10x_tim.o(.text)
    TIM_SetClockDivision                     0x080032e3   Thumb Code    18  stm32f10x_tim.o(.text)
    TIM_GetCapture1                          0x080032f5   Thumb Code     6  stm32f10x_tim.o(.text)
    TIM_GetCapture2                          0x080032fb   Thumb Code     6  stm32f10x_tim.o(.text)
    TIM_GetCapture3                          0x08003301   Thumb Code     6  stm32f10x_tim.o(.text)
    TIM_GetCapture4                          0x08003307   Thumb Code     8  stm32f10x_tim.o(.text)
    TIM_GetCounter                           0x0800330f   Thumb Code     6  stm32f10x_tim.o(.text)
    TIM_GetPrescaler                         0x08003315   Thumb Code     6  stm32f10x_tim.o(.text)
    TIM_GetFlagStatus                        0x0800331b   Thumb Code    18  stm32f10x_tim.o(.text)
    TIM_ClearFlag                            0x0800332d   Thumb Code     6  stm32f10x_tim.o(.text)
    TIM_GetITStatus                          0x08003333   Thumb Code    34  stm32f10x_tim.o(.text)
    TIM_ClearITPendingBit                    0x08003355   Thumb Code     6  stm32f10x_tim.o(.text)
    EXTI_DeInit                              0x0800335d   Thumb Code    28  stm32f10x_exti.o(.text)
    EXTI_Init                                0x08003379   Thumb Code   142  stm32f10x_exti.o(.text)
    EXTI_StructInit                          0x08003407   Thumb Code    16  stm32f10x_exti.o(.text)
    EXTI_GenerateSWInterrupt                 0x08003417   Thumb Code    16  stm32f10x_exti.o(.text)
    EXTI_GetFlagStatus                       0x08003427   Thumb Code    22  stm32f10x_exti.o(.text)
    EXTI_ClearFlag                           0x0800343d   Thumb Code     8  stm32f10x_exti.o(.text)
    EXTI_GetITStatus                         0x08003445   Thumb Code    34  stm32f10x_exti.o(.text)
    EXTI_ClearITPendingBit                   0x08003467   Thumb Code     8  stm32f10x_exti.o(.text)
    ADC_DeInit                               0x08003479   Thumb Code    78  stm32f10x_adc.o(.text)
    ADC_Init                                 0x080034c7   Thumb Code    70  stm32f10x_adc.o(.text)
    ADC_StructInit                           0x0800350d   Thumb Code    18  stm32f10x_adc.o(.text)
    ADC_Cmd                                  0x0800351f   Thumb Code    22  stm32f10x_adc.o(.text)
    ADC_DMACmd                               0x08003535   Thumb Code    22  stm32f10x_adc.o(.text)
    ADC_ITConfig                             0x0800354b   Thumb Code    24  stm32f10x_adc.o(.text)
    ADC_ResetCalibration                     0x08003563   Thumb Code    10  stm32f10x_adc.o(.text)
    ADC_GetResetCalibrationStatus            0x0800356d   Thumb Code    20  stm32f10x_adc.o(.text)
    ADC_StartCalibration                     0x08003581   Thumb Code    10  stm32f10x_adc.o(.text)
    ADC_GetCalibrationStatus                 0x0800358b   Thumb Code    20  stm32f10x_adc.o(.text)
    ADC_SoftwareStartConvCmd                 0x0800359f   Thumb Code    22  stm32f10x_adc.o(.text)
    ADC_GetSoftwareStartConvStatus           0x080035b5   Thumb Code    20  stm32f10x_adc.o(.text)
    ADC_DiscModeChannelCountConfig           0x080035c9   Thumb Code    24  stm32f10x_adc.o(.text)
    ADC_DiscModeCmd                          0x080035e1   Thumb Code    22  stm32f10x_adc.o(.text)
    ADC_RegularChannelConfig                 0x080035f7   Thumb Code   184  stm32f10x_adc.o(.text)
    ADC_ExternalTrigConvCmd                  0x080036af   Thumb Code    22  stm32f10x_adc.o(.text)
    ADC_GetConversionValue                   0x080036c5   Thumb Code     8  stm32f10x_adc.o(.text)
    ADC_GetDualModeConversionValue           0x080036cd   Thumb Code     8  stm32f10x_adc.o(.text)
    ADC_AutoInjectedConvCmd                  0x080036d5   Thumb Code    22  stm32f10x_adc.o(.text)
    ADC_InjectedDiscModeCmd                  0x080036eb   Thumb Code    22  stm32f10x_adc.o(.text)
    ADC_ExternalTrigInjectedConvConfig       0x08003701   Thumb Code    16  stm32f10x_adc.o(.text)
    ADC_ExternalTrigInjectedConvCmd          0x08003711   Thumb Code    22  stm32f10x_adc.o(.text)
    ADC_SoftwareStartInjectedConvCmd         0x08003727   Thumb Code    22  stm32f10x_adc.o(.text)
    ADC_GetSoftwareStartInjectedConvCmdStatus 0x0800373d   Thumb Code    20  stm32f10x_adc.o(.text)
    ADC_InjectedChannelConfig                0x08003751   Thumb Code   130  stm32f10x_adc.o(.text)
    ADC_InjectedSequencerLengthConfig        0x080037d3   Thumb Code    24  stm32f10x_adc.o(.text)
    ADC_SetInjectedOffset                    0x080037eb   Thumb Code    20  stm32f10x_adc.o(.text)
    ADC_GetInjectedConversionValue           0x080037ff   Thumb Code    28  stm32f10x_adc.o(.text)
    ADC_AnalogWatchdogCmd                    0x0800381b   Thumb Code    16  stm32f10x_adc.o(.text)
    ADC_AnalogWatchdogThresholdsConfig       0x0800382b   Thumb Code     6  stm32f10x_adc.o(.text)
    ADC_AnalogWatchdogSingleChannelConfig    0x08003831   Thumb Code    16  stm32f10x_adc.o(.text)
    ADC_TempSensorVrefintCmd                 0x08003841   Thumb Code    64  stm32f10x_adc.o(.text)
    ADC_GetFlagStatus                        0x08003881   Thumb Code    18  stm32f10x_adc.o(.text)
    ADC_ClearFlag                            0x08003893   Thumb Code     6  stm32f10x_adc.o(.text)
    ADC_GetITStatus                          0x08003899   Thumb Code    36  stm32f10x_adc.o(.text)
    ADC_ClearITPendingBit                    0x080038bd   Thumb Code    10  stm32f10x_adc.o(.text)
    DMA_DeInit                               0x080038c9   Thumb Code   324  stm32f10x_dma.o(.text)
    DMA_Init                                 0x08003a0d   Thumb Code    60  stm32f10x_dma.o(.text)
    DMA_StructInit                           0x08003a49   Thumb Code    26  stm32f10x_dma.o(.text)
    DMA_Cmd                                  0x08003a63   Thumb Code    24  stm32f10x_dma.o(.text)
    DMA_ITConfig                             0x08003a7b   Thumb Code    18  stm32f10x_dma.o(.text)
    DMA_SetCurrDataCounter                   0x08003a8d   Thumb Code     4  stm32f10x_dma.o(.text)
    DMA_GetCurrDataCounter                   0x08003a91   Thumb Code     8  stm32f10x_dma.o(.text)
    DMA_GetFlagStatus                        0x08003a99   Thumb Code    40  stm32f10x_dma.o(.text)
    DMA_ClearFlag                            0x08003ac1   Thumb Code    22  stm32f10x_dma.o(.text)
    DMA_GetITStatus                          0x08003ad7   Thumb Code    40  stm32f10x_dma.o(.text)
    DMA_ClearITPendingBit                    0x08003aff   Thumb Code    22  stm32f10x_dma.o(.text)
    SystemInit                               0x08003bfb   Thumb Code    78  system_stm32f10x.o(.text)
    SystemCoreClockUpdate                    0x08003c49   Thumb Code   142  system_stm32f10x.o(.text)
    __aeabi_fdiv                             0x08003cfd   Thumb Code   124  fdiv.o(.text)
    __aeabi_dmul                             0x08003d79   Thumb Code   228  dmul.o(.text)
    __aeabi_i2f                              0x08003e5d   Thumb Code    18  fflti.o(.text)
    __aeabi_ui2f                             0x08003e6f   Thumb Code    10  ffltui.o(.text)
    __aeabi_i2d                              0x08003e79   Thumb Code    34  dflti.o(.text)
    __aeabi_f2iz                             0x08003e9b   Thumb Code    50  ffixi.o(.text)
    __aeabi_d2iz                             0x08003ecd   Thumb Code    62  dfixi.o(.text)
    __aeabi_f2d                              0x08003f0b   Thumb Code    38  f2d.o(.text)
    __aeabi_d2f                              0x08003f31   Thumb Code    56  d2f.o(.text)
    __aeabi_llsr                             0x08003f69   Thumb Code    32  llushr.o(.text)
    _ll_ushift_r                             0x08003f69   Thumb Code     0  llushr.o(.text)
    __I$use$fp                               0x08003f89   Thumb Code     0  iusefp.o(.text)
    _float_round                             0x08003f89   Thumb Code    18  fepilogue.o(.text)
    _float_epilogue                          0x08003f9b   Thumb Code    92  fepilogue.o(.text)
    _double_round                            0x08003ff7   Thumb Code    30  depilogue.o(.text)
    _double_epilogue                         0x08004015   Thumb Code   156  depilogue.o(.text)
    __scatterload                            0x080040b1   Thumb Code    28  init.o(.text)
    __scatterload_rt2                        0x080040b1   Thumb Code     0  init.o(.text)
    __aeabi_llsl                             0x080040d5   Thumb Code    30  llshl.o(.text)
    _ll_shift_l                              0x080040d5   Thumb Code     0  llshl.o(.text)
    __0printf$2                              0x080040f5   Thumb Code    22  printf2.o(i.__0printf$2)
    __1printf$2                              0x080040f5   Thumb Code     0  printf2.o(i.__0printf$2)
    __2printf                                0x080040f5   Thumb Code     0  printf2.o(i.__0printf$2)
    __scatterload_copy                       0x08004115   Thumb Code    14  handlers.o(i.__scatterload_copy)
    __scatterload_null                       0x08004123   Thumb Code     2  handlers.o(i.__scatterload_null)
    __scatterload_zeroinit                   0x08004125   Thumb Code    14  handlers.o(i.__scatterload_zeroinit)
    Region$$Table$$Base                      0x08004208   Number         0  anon$$obj.o(Region$$Table)
    Region$$Table$$Limit                     0x08004228   Number         0  anon$$obj.o(Region$$Table)
    SMG_Num                                  0x20000000   Data           4  main.o(.data)
    checkbuffercount                         0x20000004   Data           1  stm32f10x_it.o(.data)
    head                                     0x20000005   Data           1  stm32f10x_it.o(.data)
    bufferrecevie                            0x20000006   Data           1  stm32f10x_it.o(.data)
    USART_Count                              0x20000007   Data           1  stm32f10x_it.o(.data)
    Perform                                  0x20000008   Data           4  stm32f10x_it.o(.data)
    IRQ_num                                  0x2000000c   Data           1  stm32f10x_it.o(.data)
    time_exti                                0x2000000d   Data           1  stm32f10x_it.o(.data)
    DHT11_Data                               0x20000014   Data           5  com.o(.data)
    command_index                            0x20000019   Data           1  com.o(.data)
    color                                    0x2000001a   Data           3  com.o(.data)
    IRF_ok                                   0x2000001d   Data           1  com.o(.data)
    val                                      0x20000020   Data           4  com.o(.data)
    SMG_Code                                 0x20000024   Data          16  sevseg.o(.data)
    UltrasonicWave_Distance                  0x20000034   Data           2  ultrasonicwave.o(.data)
    decode                                   0x20000036   Data           4  exti.o(.data)
    SystemCoreClock                          0x20000050   Data           4  system_stm32f10x.o(.data)
    AHBPrescTable                            0x20000054   Data          16  system_stm32f10x.o(.data)
    __stdout                                 0x20000064   Data           4  stdout.o(.data)
    checkbuffer                              0x20000068   Data          20  stm32f10x_it.o(.bss)
    Readbuffer                               0x2000007c   Data          20  stm32f10x_it.o(.bss)
    ADC_ConvertedValue                       0x20000090   Data          10  adc.o(.bss)
    LED_BYTE_Buffer                          0x2000009a   Data         200  ws2812b.o(.bss)
    T_num                                    0x20000162   Data          33  exti.o(.bss)
    __initial_sp                             0x20000588   Data           0  startup_stm32f10x_hd.o(STACK)



==============================================================================

Memory Map of the image

  Image Entry point : 0x08000131

  Load Region LR_IROM1 (Base: 0x08000000, Size: 0x00004290, Max: 0x00080000, ABSOLUTE)

    Execution Region ER_IROM1 (Base: 0x08000000, Size: 0x00004228, Max: 0x00080000, ABSOLUTE)

    Base Addr    Size         Type   Attr      Idx    E Section Name        Object

    0x08000000   0x00000130   Data   RO            3    RESET               startup_stm32f10x_hd.o
    0x08000130   0x00000000   Code   RO          516  * .ARM.Collect$$$$00000000  mc_w.l(entry.o)
    0x08000130   0x00000004   Code   RO          798    .ARM.Collect$$$$00000001  mc_w.l(entry2.o)
    0x08000134   0x00000004   Code   RO          801    .ARM.Collect$$$$00000004  mc_w.l(entry5.o)
    0x08000138   0x00000000   Code   RO          803    .ARM.Collect$$$$00000008  mc_w.l(entry7b.o)
    0x08000138   0x00000000   Code   RO          805    .ARM.Collect$$$$0000000A  mc_w.l(entry8b.o)
    0x08000138   0x00000008   Code   RO          806    .ARM.Collect$$$$0000000B  mc_w.l(entry9a.o)
    0x08000140   0x00000000   Code   RO          808    .ARM.Collect$$$$0000000D  mc_w.l(entry10a.o)
    0x08000140   0x00000000   Code   RO          810    .ARM.Collect$$$$0000000F  mc_w.l(entry11a.o)
    0x08000140   0x00000004   Code   RO          799    .ARM.Collect$$$$00002712  mc_w.l(entry2.o)
    0x08000144   0x00000024   Code   RO            4    .text               startup_stm32f10x_hd.o
    0x08000168   0x0000005c   Code   RO           10    .text               main.o
    0x080001c4   0x00000180   Code   RO          124    .text               stm32f10x_it.o
    0x08000344   0x000000b4   Code   RO          144    .text               systick.o
    0x080003f8   0x00000238   Code   RO          162    .text               usart1.o
    0x08000630   0x00000188   Code   RO          181    .text               dht11.o
    0x080007b8   0x0000038c   Code   RO          193    .text               com.o
    0x08000b44   0x000000fc   Code   RO          215    .text               pwm.o
    0x08000c40   0x000000f8   Code   RO          227    .text               motor.o
    0x08000d38   0x00000058   Code   RO          239    .text               servo.o
    0x08000d90   0x000000fc   Code   RO          251    .text               sevseg.o
    0x08000e8c   0x000000d4   Code   RO          266    .text               button.o
    0x08000f60   0x000003dc   Code   RO          278    .text               adc.o
    0x0800133c   0x00000078   Code   RO          293    .text               pirmotion.o
    0x080013b4   0x000000e8   Code   RO          305    .text               ultrasonicwave.o
    0x0800149c   0x000001f8   Code   RO          323    .text               ws2812b.o
    0x08001694   0x000000b4   Code   RO          338    .text               exti.o
    0x08001748   0x0000006c   Code   RO          354    .text               tim4.o
    0x080017b4   0x00000070   Code   RO          366    .text               bport_int.o
    0x08001824   0x00000138   Code   RO          378    .text               bport_out.o
    0x0800195c   0x0000035c   Code   RO          390    .text               stm32f10x_gpio.o
    0x08001cb8   0x000003a4   Code   RO          402    .text               stm32f10x_rcc.o
    0x0800205c   0x00000408   Code   RO          416    .text               stm32f10x_usart.o
    0x08002464   0x000000dc   Code   RO          428    .text               misc.o
    0x08002540   0x00000e1a   Code   RO          440    .text               stm32f10x_tim.o
    0x0800335a   0x00000002   PAD
    0x0800335c   0x0000011c   Code   RO          452    .text               stm32f10x_exti.o
    0x08003478   0x0000044e   Code   RO          464    .text               stm32f10x_adc.o
    0x080038c6   0x00000002   PAD
    0x080038c8   0x00000254   Code   RO          476    .text               stm32f10x_dma.o
    0x08003b1c   0x000001e0   Code   RO          498    .text               system_stm32f10x.o
    0x08003cfc   0x0000007c   Code   RO          780    .text               mf_w.l(fdiv.o)
    0x08003d78   0x000000e4   Code   RO          782    .text               mf_w.l(dmul.o)
    0x08003e5c   0x00000012   Code   RO          784    .text               mf_w.l(fflti.o)
    0x08003e6e   0x0000000a   Code   RO          786    .text               mf_w.l(ffltui.o)
    0x08003e78   0x00000022   Code   RO          788    .text               mf_w.l(dflti.o)
    0x08003e9a   0x00000032   Code   RO          790    .text               mf_w.l(ffixi.o)
    0x08003ecc   0x0000003e   Code   RO          792    .text               mf_w.l(dfixi.o)
    0x08003f0a   0x00000026   Code   RO          794    .text               mf_w.l(f2d.o)
    0x08003f30   0x00000038   Code   RO          796    .text               mf_w.l(d2f.o)
    0x08003f68   0x00000020   Code   RO          817    .text               mc_w.l(llushr.o)
    0x08003f88   0x00000000   Code   RO          819    .text               mc_w.l(iusefp.o)
    0x08003f88   0x0000006e   Code   RO          820    .text               mf_w.l(fepilogue.o)
    0x08003ff6   0x000000ba   Code   RO          822    .text               mf_w.l(depilogue.o)
    0x080040b0   0x00000024   Code   RO          832    .text               mc_w.l(init.o)
    0x080040d4   0x0000001e   Code   RO          834    .text               mc_w.l(llshl.o)
    0x080040f2   0x00000002   PAD
    0x080040f4   0x00000020   Code   RO          586    i.__0printf$2       mc_w.l(printf2.o)
    0x08004114   0x0000000e   Code   RO          840    i.__scatterload_copy  mc_w.l(handlers.o)
    0x08004122   0x00000002   Code   RO          841    i.__scatterload_null  mc_w.l(handlers.o)
    0x08004124   0x0000000e   Code   RO          842    i.__scatterload_zeroinit  mc_w.l(handlers.o)
    0x08004132   0x000000d6   Code   RO          593    i._printf_core      mc_w.l(printf2.o)
    0x08004208   0x00000020   Data   RO          838    Region$$Table       anon$$obj.o


    Execution Region RW_IRAM1 (Base: 0x20000000, Size: 0x00000588, Max: 0x00010000, ABSOLUTE)

    Base Addr    Size         Type   Attr      Idx    E Section Name        Object

    0x20000000   0x00000004   Data   RW           11    .data               main.o
    0x20000004   0x0000000c   Data   RW          126    .data               stm32f10x_it.o
    0x20000010   0x00000004   Data   RW          145    .data               systick.o
    0x20000014   0x00000010   Data   RW          194    .data               com.o
    0x20000024   0x00000010   Data   RW          252    .data               sevseg.o
    0x20000034   0x00000002   Data   RW          306    .data               ultrasonicwave.o
    0x20000036   0x00000004   Data   RW          340    .data               exti.o
    0x2000003a   0x00000014   Data   RW          403    .data               stm32f10x_rcc.o
    0x2000004e   0x00000002   PAD
    0x20000050   0x00000014   Data   RW          499    .data               system_stm32f10x.o
    0x20000064   0x00000004   Data   RW          812    .data               mc_w.l(stdout.o)
    0x20000068   0x00000028   Zero   RW          125    .bss                stm32f10x_it.o
    0x20000090   0x0000000a   Zero   RW          279    .bss                adc.o
    0x2000009a   0x000000c8   Zero   RW          324    .bss                ws2812b.o
    0x20000162   0x00000021   Zero   RW          339    .bss                exti.o
    0x20000183   0x00000005   PAD
    0x20000188   0x00000400   Zero   RW            1    STACK               startup_stm32f10x_hd.o


==============================================================================

Image component sizes


      Code (inc. data)   RO Data    RW Data    ZI Data      Debug   Object Name

       988         22          0          0         10       2516   adc.o
       112          6          0          0          0       1190   bport_int.o
       312         10          0          0          0       1027   bport_out.o
       212          4          0          0          0        908   button.o
       908         36          0         16          0       3961   com.o
       392         10          0          0          0       1684   dht11.o
       180         14          0          4         33       1446   exti.o
        92         10          0          4          0     275098   main.o
       220         22          0          0          0       1761   misc.o
       248          8          0          0          0        786   motor.o
       120          4          0          0          0        632   pirmotion.o
       252          4          0          0          0        963   pwm.o
        88          6          0          0          0        551   servo.o
       252         12          0         16          0       1910   sevseg.o
        36          8        304          0       1024        832   startup_stm32f10x_hd.o
      1102         26          0          0          0      10793   stm32f10x_adc.o
       596          8          0          0          0       4294   stm32f10x_dma.o
       284         10          0          0          0       2195   stm32f10x_exti.o
       860         38          0          0          0       5609   stm32f10x_gpio.o
       384         52          0         12         40       2679   stm32f10x_it.o
       932         36          0         20          0       8776   stm32f10x_rcc.o
      3610         88          0          0          0      22092   stm32f10x_tim.o
      1032         22          0          0          0       8332   stm32f10x_usart.o
       480         38          0         20          0       1811   system_stm32f10x.o
       180         20          0          4          0      16541   systick.o
       108          6          0          0          0        677   tim4.o
       232         12          0          2          0       1427   ultrasonicwave.o
       568          8          0          0          0       4091   usart1.o
       504         24          0          0        200       1748   ws2812b.o

    ----------------------------------------------------------------------
     15288        564        336        100       1312     386330   Object Totals
         0          0         32          0          0          0   (incl. Generated)
         4          0          0          2          5          0   (incl. Padding)

    ----------------------------------------------------------------------

      Code (inc. data)   RO Data    RW Data    ZI Data      Debug   Library Member Name

         0          0          0          0          0          0   entry.o
         0          0          0          0          0          0   entry10a.o
         0          0          0          0          0          0   entry11a.o
         8          4          0          0          0          0   entry2.o
         4          0          0          0          0          0   entry5.o
         0          0          0          0          0          0   entry7b.o
         0          0          0          0          0          0   entry8b.o
         8          4          0          0          0          0   entry9a.o
        30          0          0          0          0          0   handlers.o
        36          8          0          0          0         68   init.o
         0          0          0          0          0          0   iusefp.o
        30          0          0          0          0         68   llshl.o
        32          0          0          0          0         68   llushr.o
       246         10          0          0          0        176   printf2.o
         0          0          0          4          0          0   stdout.o
        56          0          0          0          0         88   d2f.o
       186          0          0          0          0        176   depilogue.o
        62          0          0          0          0         80   dfixi.o
        34          0          0          0          0         76   dflti.o
       228          0          0          0          0         96   dmul.o
        38          0          0          0          0         68   f2d.o
       124          0          0          0          0         88   fdiv.o
       110          0          0          0          0        168   fepilogue.o
        50          0          0          0          0         68   ffixi.o
        18          0          0          0          0         68   fflti.o
        10          0          0          0          0         68   ffltui.o

    ----------------------------------------------------------------------
      1312         26          0          4          0       1424   Library Totals
         2          0          0          0          0          0   (incl. Padding)

    ----------------------------------------------------------------------

      Code (inc. data)   RO Data    RW Data    ZI Data      Debug   Library Name

       394         26          0          4          0        380   mc_w.l
       916          0          0          0          0       1044   mf_w.l

    ----------------------------------------------------------------------
      1312         26          0          4          0       1424   Library Totals

    ----------------------------------------------------------------------

==============================================================================


      Code (inc. data)   RO Data    RW Data    ZI Data      Debug   

     16600        590        336        104       1312     384890   Grand Totals
     16600        590        336        104       1312     384890   ELF Image Totals
     16600        590        336        104          0          0   ROM Totals

==============================================================================

    Total RO  Size (Code + RO Data)                16936 (  16.54kB)
    Total RW  Size (RW Data + ZI Data)              1416 (   1.38kB)
    Total ROM Size (Code + RO Data + RW Data)      17040 (  16.64kB)

==============================================================================

